Archive member included to satisfy reference by file (symbol)

D:/ITI/lectures/5-Intro to ES- Assaf/Tools/General Tools/mingw64/bin/../lib/gcc/x86_64-w64-mingw32/6.2.0/../../../../x86_64-w64-mingw32/lib/../lib/libwinmm.a(dmces00151.o)
                              FreeRTOS_Source\portable\MSVC-MingW\port.o (__imp_timeGetDevCaps)
D:/ITI/lectures/5-Intro to ES- Assaf/Tools/General Tools/mingw64/bin/../lib/gcc/x86_64-w64-mingw32/6.2.0/../../../../x86_64-w64-mingw32/lib/../lib/libwinmm.a(dmces00150.o)
                              FreeRTOS_Source\portable\MSVC-MingW\port.o (__imp_timeEndPeriod)
D:/ITI/lectures/5-Intro to ES- Assaf/Tools/General Tools/mingw64/bin/../lib/gcc/x86_64-w64-mingw32/6.2.0/../../../../x86_64-w64-mingw32/lib/../lib/libwinmm.a(dmces00149.o)
                              FreeRTOS_Source\portable\MSVC-MingW\port.o (__imp_timeBeginPeriod)
D:/ITI/lectures/5-Intro to ES- Assaf/Tools/General Tools/mingw64/bin/../lib/gcc/x86_64-w64-mingw32/6.2.0/../../../../x86_64-w64-mingw32/lib/../lib/libwinmm.a(dmceh.o)
                              D:/ITI/lectures/5-Intro to ES- Assaf/Tools/General Tools/mingw64/bin/../lib/gcc/x86_64-w64-mingw32/6.2.0/../../../../x86_64-w64-mingw32/lib/../lib/libwinmm.a(dmces00151.o) (_head_lib64_libwinmm_a)
D:/ITI/lectures/5-Intro to ES- Assaf/Tools/General Tools/mingw64/bin/../lib/gcc/x86_64-w64-mingw32/6.2.0/../../../../x86_64-w64-mingw32/lib/../lib/libwinmm.a(dmcet.o)
                              D:/ITI/lectures/5-Intro to ES- Assaf/Tools/General Tools/mingw64/bin/../lib/gcc/x86_64-w64-mingw32/6.2.0/../../../../x86_64-w64-mingw32/lib/../lib/libwinmm.a(dmceh.o) (__lib64_libwinmm_a_iname)
D:/ITI/lectures/5-Intro to ES- Assaf/Tools/General Tools/mingw64/bin/../lib/gcc/x86_64-w64-mingw32/6.2.0/../../../../x86_64-w64-mingw32/lib/../lib/libmingw32.a(lib64_libmingw32_a-atonexit.o)
                              D:/ITI/lectures/5-Intro to ES- Assaf/Tools/General Tools/mingw64/bin/../lib/gcc/x86_64-w64-mingw32/6.2.0/crtbegin.o (atexit)
D:/ITI/lectures/5-Intro to ES- Assaf/Tools/General Tools/mingw64/bin/../lib/gcc/x86_64-w64-mingw32/6.2.0/../../../../x86_64-w64-mingw32/lib/../lib/libmingw32.a(lib64_libmingw32_a-gccmain.o)
                              D:/ITI/lectures/5-Intro to ES- Assaf/Tools/General Tools/mingw64/bin/../lib/gcc/x86_64-w64-mingw32/6.2.0/../../../../x86_64-w64-mingw32/lib/../lib/crt2.o (__main)
D:/ITI/lectures/5-Intro to ES- Assaf/Tools/General Tools/mingw64/bin/../lib/gcc/x86_64-w64-mingw32/6.2.0/../../../../x86_64-w64-mingw32/lib/../lib/libmingw32.a(lib64_libmingw32_a-natstart.o)
                              D:/ITI/lectures/5-Intro to ES- Assaf/Tools/General Tools/mingw64/bin/../lib/gcc/x86_64-w64-mingw32/6.2.0/../../../../x86_64-w64-mingw32/lib/../lib/crt2.o (__native_startup_lock)
D:/ITI/lectures/5-Intro to ES- Assaf/Tools/General Tools/mingw64/bin/../lib/gcc/x86_64-w64-mingw32/6.2.0/../../../../x86_64-w64-mingw32/lib/../lib/libmingw32.a(lib64_libmingw32_a-wildcard.o)
                              D:/ITI/lectures/5-Intro to ES- Assaf/Tools/General Tools/mingw64/bin/../lib/gcc/x86_64-w64-mingw32/6.2.0/../../../../x86_64-w64-mingw32/lib/../lib/crt2.o (_dowildcard)
D:/ITI/lectures/5-Intro to ES- Assaf/Tools/General Tools/mingw64/bin/../lib/gcc/x86_64-w64-mingw32/6.2.0/../../../../x86_64-w64-mingw32/lib/../lib/libmingw32.a(lib64_libmingw32_a-charmax.o)
                              D:/ITI/lectures/5-Intro to ES- Assaf/Tools/General Tools/mingw64/bin/../lib/gcc/x86_64-w64-mingw32/6.2.0/../../../../x86_64-w64-mingw32/lib/../lib/crt2.o (mingw_initcharmax)
D:/ITI/lectures/5-Intro to ES- Assaf/Tools/General Tools/mingw64/bin/../lib/gcc/x86_64-w64-mingw32/6.2.0/../../../../x86_64-w64-mingw32/lib/../lib/libmingw32.a(lib64_libmingw32_a-dllargv.o)
                              D:/ITI/lectures/5-Intro to ES- Assaf/Tools/General Tools/mingw64/bin/../lib/gcc/x86_64-w64-mingw32/6.2.0/../../../../x86_64-w64-mingw32/lib/../lib/crt2.o (_setargv)
D:/ITI/lectures/5-Intro to ES- Assaf/Tools/General Tools/mingw64/bin/../lib/gcc/x86_64-w64-mingw32/6.2.0/../../../../x86_64-w64-mingw32/lib/../lib/libmingw32.a(lib64_libmingw32_a-gs_support.o)
                              D:/ITI/lectures/5-Intro to ES- Assaf/Tools/General Tools/mingw64/bin/../lib/gcc/x86_64-w64-mingw32/6.2.0/../../../../x86_64-w64-mingw32/lib/../lib/crt2.o (__security_init_cookie)
D:/ITI/lectures/5-Intro to ES- Assaf/Tools/General Tools/mingw64/bin/../lib/gcc/x86_64-w64-mingw32/6.2.0/../../../../x86_64-w64-mingw32/lib/../lib/libmingw32.a(lib64_libmingw32_a-_newmode.o)
                              D:/ITI/lectures/5-Intro to ES- Assaf/Tools/General Tools/mingw64/bin/../lib/gcc/x86_64-w64-mingw32/6.2.0/../../../../x86_64-w64-mingw32/lib/../lib/crt2.o (_newmode)
D:/ITI/lectures/5-Intro to ES- Assaf/Tools/General Tools/mingw64/bin/../lib/gcc/x86_64-w64-mingw32/6.2.0/../../../../x86_64-w64-mingw32/lib/../lib/libmingw32.a(lib64_libmingw32_a-tlssup.o)
[...]
Memory Configuration

Name             Origin             Length             Attributes
*default*        0x0000000000000000 0xffffffffffffffff

Linker script and memory map

                0x0000000000400000                __image_base__ = 0x400000
                0x0000000000000000                __dll__ = 0x0
                0x0000000000400000                __ImageBase = 0x400000
                0x0000000000001000                __section_alignment__ = 0x1000
                0x0000000000000200                __file_alignment__ = 0x200
                0x0000000000000004                __major_os_version__ = 0x4
                0x0000000000000000                __minor_os_version__ = 0x0
                0x0000000000000000                __major_image_version__ = 0x0
                0x0000000000000000                __minor_image_version__ = 0x0
                0x0000000000000005                __major_subsystem_version__ = 0x5
                0x0000000000000002                __minor_subsystem_version__ = 0x2
                0x0000000000000003                __subsystem__ = 0x3
                0x0000000000200000                __size_of_stack_reserve__ = 0x200000
                0x0000000000001000                __size_of_stack_commit__ = 0x1000
                0x0000000000100000                __size_of_heap_reserve__ = 0x100000
                0x0000000000001000                __size_of_heap_commit__ = 0x1000
                0x0000000000000000                __loader_flags__ = 0x0
                0x0000000000000000                __dll_characteristics__ = 0x0
LOAD D:/ITI/lectures/5-Intro to ES- Assaf/Tools/General Tools/mingw64/bin/../lib/gcc/x86_64-w64-mingw32/6.2.0/../../../../x86_64-w64-mingw32/lib/../lib/crt2.o
LOAD D:/ITI/lectures/5-Intro to ES- Assaf/Tools/General Tools/mingw64/bin/../lib/gcc/x86_64-w64-mingw32/6.2.0/crtbegin.o
LOAD DemosModifiedForLowTickRate\recmutex.o
LOAD FreeRTOS_Source\croutine.o
LOAD FreeRTOS_Source\event_groups.o
LOAD FreeRTOS_Source\list.o
LOAD FreeRTOS_Source\portable\MSVC-MingW\port.o
LOAD FreeRTOS_Source\portable\MemMang\heap_5.o
LOAD FreeRTOS_Source\queue.o
LOAD FreeRTOS_Source\stream_buffer.o
LOAD FreeRTOS_Source\tasks.o
LOAD FreeRTOS_Source\timers.o
LOAD MyTask.o
LOAD Run-time-stats-utils.o
LOAD Standard_Demo_Tasks\AbortDelay.o
LOAD Standard_Demo_Tasks\BlockQ.o
LOAD Standard_Demo_Tasks\EventGroupsDemo.o
LOAD Standard_Demo_Tasks\GenQTest.o
LOAD Standard_Demo_Tasks\IntSemTest.o
LOAD Standard_Demo_Tasks\MessageBufferAMP.o
LOAD Standard_Demo_Tasks\MessageBufferDemo.o
LOAD Standard_Demo_Tasks\PollQ.o
LOAD Standard_Demo_Tasks\QPeek.o
LOAD Standard_Demo_Tasks\QueueOverwrite.o
LOAD Standard_Demo_Tasks\QueueSet.o
LOAD Standard_Demo_Tasks\QueueSetPolling.o
LOAD Standard_Demo_Tasks\StaticAllocation.o
LOAD Standard_Demo_Tasks\StreamBufferDemo.o
LOAD Standard_Demo_Tasks\StreamBufferInterrupt.o
LOAD Standard_Demo_Tasks\TaskNotify.o
LOAD Standard_Demo_Tasks\TimerDemo.o
LOAD Standard_Demo_Tasks\blocktim.o
LOAD Standard_Demo_Tasks\countsem.o
LOAD Standard_Demo_Tasks\death.o
LOAD Standard_Demo_Tasks\dynamic.o
LOAD Standard_Demo_Tasks\flop.o
LOAD Standard_Demo_Tasks\integer.o
LOAD Standard_Demo_Tasks\semtest.o
LOAD code_coverage_additions.o
LOAD main.o
LOAD main_blinky.o
LOAD main_full.o
LOAD D:/ITI/lectures/5-Intro to ES- Assaf/Tools/General Tools/mingw64/bin/../lib/gcc/x86_64-w64-mingw32/6.2.0/../../../../x86_64-w64-mingw32/lib/../lib/libwinmm.a
LOAD D:/ITI/lectures/5-Intro to ES- Assaf/Tools/General Tools/mingw64/bin/../lib/gcc/x86_64-w64-mingw32/6.2.0/../../../../x86_64-w64-mingw32/lib/../lib/libmingw32.a
LOAD D:/ITI/lectures/5-Intro to ES- Assaf/Tools/General Tools/mingw64/bin/../lib/gcc/x86_64-w64-mingw32/6.2.0/libgcc.a
LOAD D:/ITI/lectures/5-Intro to ES- Assaf/Tools/General Tools/mingw64/bin/../lib/gcc/x86_64-w64-mingw32/6.2.0/libgcc_eh.a
LOAD D:/ITI/lectures/5-Intro to ES- Assaf/Tools/General Tools/mingw64/bin/../lib/gcc/x86_64-w64-mingw32/6.2.0/../../../../x86_64-w64-mingw32/lib/../lib/libmoldname.a
LOAD D:/ITI/lectures/5-Intro to ES- Assaf/Tools/General Tools/mingw64/bin/../lib/gcc/x86_64-w64-mingw32/6.2.0/../../../../x86_64-w64-mingw32/lib/../lib/libmingwex.a
LOAD D:/ITI/lectures/5-Intro to ES- Assaf/Tools/General Tools/mingw64/bin/../lib/gcc/x86_64-w64-mingw32/6.2.0/../../../../x86_64-w64-mingw32/lib/../lib/libmsvcrt.a
LOAD D:/ITI/lectures/5-Intro to ES- Assaf/Tools/General Tools/mingw64/bin/../lib/gcc/x86_64-w64-mingw32/6.2.0/../../../../x86_64-w64-mingw32/lib/../lib/libpthread.dll.a
LOAD D:/ITI/lectures/5-Intro to ES- Assaf/Tools/General Tools/mingw64/bin/../lib/gcc/x86_64-w64-mingw32/6.2.0/../../../../x86_64-w64-mingw32/lib/../lib/libadvapi32.a
LOAD D:/ITI/lectures/5-Intro to ES- Assaf/Tools/General Tools/mingw64/bin/../lib/gcc/x86_64-w64-mingw32/6.2.0/../../../../x86_64-w64-mingw32/lib/../lib/libshell32.a
LOAD D:/ITI/lectures/5-Intro to ES- Assaf/Tools/General Tools/mingw64/bin/../lib/gcc/x86_64-w64-mingw32/6.2.0/../../../../x86_64-w64-mingw32/lib/../lib/libuser32.a
LOAD D:/ITI/lectures/5-Intro to ES- Assaf/Tools/General Tools/mingw64/bin/../lib/gcc/x86_64-w64-mingw32/6.2.0/../../../../x86_64-w64-mingw32/lib/../lib/libkernel32.a
LOAD D:/ITI/lectures/5-Intro to ES- Assaf/Tools/General Tools/mingw64/bin/../lib/gcc/x86_64-w64-mingw32/6.2.0/../../../../x86_64-w64-mingw32/lib/../lib/libiconv.a
LOAD D:/ITI/lectures/5-Intro to ES- Assaf/Tools/General Tools/mingw64/bin/../lib/gcc/x86_64-w64-mingw32/6.2.0/../../../../x86_64-w64-mingw32/lib/../lib/libmingw32.a
LOAD D:/ITI/lectures/5-Intro to ES- Assaf/Tools/General Tools/mingw64/bin/../lib/gcc/x86_64-w64-mingw32/6.2.0/libgcc.a
LOAD D:/ITI/lectures/5-Intro to ES- Assaf/Tools/General Tools/mingw64/bin/../lib/gcc/x86_64-w64-mingw32/6.2.0/libgcc_eh.a
LOAD D:/ITI/lectures/5-Intro to ES- Assaf/Tools/General Tools/mingw64/bin/../lib/gcc/x86_64-w64-mingw32/6.2.0/../../../../x86_64-w64-mingw32/lib/../lib/libmoldname.a
LOAD D:/ITI/lectures/5-Intro to ES- Assaf/Tools/General Tools/mingw64/bin/../lib/gcc/x86_64-w64-mingw32/6.2.0/../../../../x86_64-w64-mingw32/lib/../lib/libmingwex.a
LOAD D:/ITI/lectures/5-Intro to ES- Assaf/Tools/General Tools/mingw64/bin/../lib/gcc/x86_64-w64-mingw32/6.2.0/../../../../x86_64-w64-mingw32/lib/../lib/libmsvcrt.a
LOAD D:/ITI/lectures/5-Intro to ES- Assaf/Tools/General Tools/mingw64/bin/../lib/gcc/x86_64-w64-mingw32/6.2.0/crtend.o
                0x0000000000000430                . = SIZEOF_HEADERS
                0x0000000000001000                . = ALIGN (__section_alignment__)

.text           0x0000000000401000    0x1b800
 *(.init)
 *(.text)
 .text          0x0000000000401000      0x530 D:/ITI/lectures/5-Intro to ES- Assaf/Tools/General Tools/mingw64/bin/../lib/gcc/x86_64-w64-mingw32/6.2.0/../../../../x86_64-w64-mingw32/lib/../lib/crt2.o
                0x00000000004014d0                WinMainCRTStartup
                0x0000000000401500                mainCRTStartup
 .text          0x0000000000401530       0x80 D:/ITI/lectures/5-Intro to ES- Assaf/Tools/General Tools/mingw64/bin/../lib/gcc/x86_64-w64-mingw32/6.2.0/crtbegin.o
                0x0000000000401530                .weak._Jv_RegisterClasses.__gcc_register_frame
                0x0000000000401540                __gcc_register_frame
                0x00000000004015a0                __gcc_deregister_frame
 .text          0x00000000004015b0      0x3f0 DemosModifiedForLowTickRate\recmutex.o
                0x00000000004015b0                vStartRecursiveMutexTasks
                0x00000000004018f4                xAreRecursiveMutexTasksStillRunning
 .text          0x00000000004019a0        0x0 FreeRTOS_Source\croutine.o
 .text          0x00000000004019a0      0x830 FreeRTOS_Source\event_groups.o
                0x00000000004019a0                xEventGroupCreateStatic
                0x0000000000401a22                xEventGroupCreate
                0x0000000000401a6b                xEventGroupSync
                0x0000000000401bfd                xEventGroupWaitBits
                0x0000000000401dd5                xEventGroupClearBits
                0x0000000000401e50                xEventGroupClearBitsFromISR
                0x0000000000401e87                xEventGroupGetBitsFromISR
                0x0000000000401eb4                xEventGroupSetBits
                0x000000000040201d                vEventGroupDelete
                0x00000000004020ad                vEventGroupSetBitsCallback
                0x00000000004020d1                vEventGroupClearBitsCallback
                0x0000000000402142                xEventGroupSetBitsFromISR
                0x000000000040217e                uxEventGroupGetNumber
                0x00000000004021b5                vEventGroupSetNumber
 .text          0x00000000004021d0      0x220 FreeRTOS_Source\list.o
                0x00000000004021d0                vListInitialise
                0x0000000000402220                vListInitialiseItem
                0x0000000000402237                vListInsertEnd
                0x00000000004022ad                vListInsert
                0x000000000040235d                uxListRemove
 .text          0x00000000004023f0      0xb90 FreeRTOS_Source\portable\MSVC-MingW\port.o
                0x0000000000402530                pxPortInitialiseStack
                0x000000000040263f                xPortStartScheduler
                0x0000000000402b18                vPortDeleteThread
                0x0000000000402bd0                vPortCloseRunningThread
                0x0000000000402c72                vPortEndScheduler
                0x0000000000402c85                vPortGenerateSimulatedInterrupt
                0x0000000000402d7a                vPortSetInterruptHandler
                0x0000000000402e03                vPortEnterCritical
                0x0000000000402e44                vPortExitCritical
 .text          0x0000000000402f80      0x730 FreeRTOS_Source\portable\MemMang\heap_5.o
                0x0000000000402f80                pvPortMalloc
                0x000000000040316f                vPortFree
                0x000000000040326f                xPortGetFreeHeapSize
                0x000000000040327c                xPortGetMinimumEverFreeHeapSize
                0x000000000040339b                vPortDefineHeapRegions
                0x000000000040359d                vPortGetHeapStats
 .text          0x00000000004036b0     0x1ed0 FreeRTOS_Source\queue.o
                0x00000000004036b0                xQueueGenericReset
                0x00000000004037bc                xQueueGenericCreateStatic
                0x00000000004038d2                xQueueGenericCreate
                0x0000000000403a43                xQueueCreateMutex
                0x0000000000403a8c                xQueueCreateMutexStatic
                0x0000000000403ae7                xQueueGetMutexHolder
                0x0000000000403b31                xQueueGetMutexHolderFromISR
                0x0000000000403b81                xQueueGiveMutexRecursive
                0x0000000000403c18                xQueueTakeMutexRecursive
                0x0000000000403cac                xQueueCreateCountingSemaphoreStatic
                0x0000000000403d2f                xQueueCreateCountingSemaphore
                0x0000000000403d9f                xQueueGenericSend
                0x0000000000404036                xQueueGenericSendFromISR
                0x00000000004041c2                xQueueGiveFromISR
                0x0000000000404315                xQueueReceive
                0x000000000040452d                xQueueSemaphoreTake
                0x00000000004047b2                xQueuePeek
                0x00000000004049d5                xQueueReceiveFromISR
                0x0000000000404adc                xQueuePeekFromISR
                0x0000000000404bae                uxQueueMessagesWaiting
                0x0000000000404bef                uxQueueSpacesAvailable
                0x0000000000404c43                uxQueueMessagesWaitingFromISR
                0x0000000000404c82                vQueueDelete
                0x0000000000404cd9                uxQueueGetQueueNumber
                0x0000000000404ced                vQueueSetQueueNumber
                0x0000000000404d08                ucQueueGetQueueType
                0x0000000000405066                xQueueIsQueueEmptyFromISR
                0x00000000004050f7                xQueueIsQueueFullFromISR
                0x000000000040514e                vQueueAddToRegistry
                0x00000000004051c7                pcQueueGetName
                0x0000000000405230                vQueueUnregisterQueue
                0x00000000004052aa                vQueueWaitForMessageRestricted
                0x000000000040532d                xQueueCreateSet
                0x0000000000405359                xQueueAddToSet
                0x00000000004053bf                xQueueRemoveFromSet
                0x000000000040542e                xQueueSelectFromSet
                0x0000000000405465                xQueueSelectFromSetFromISR
 .text          0x0000000000405580     0x1200 FreeRTOS_Source\stream_buffer.o
                0x0000000000405580                xStreamBufferGenericCreate
                0x0000000000405652                xStreamBufferGenericCreateStatic
                0x0000000000405778                vStreamBufferDelete
                0x00000000004057e2                xStreamBufferReset
                0x0000000000405890                xStreamBufferSetTriggerLevel
                0x0000000000405902                xStreamBufferSpacesAvailable
                0x0000000000405979                xStreamBufferBytesAvailable
                0x00000000004059bf                xStreamBufferSend
                0x0000000000405bb9                xStreamBufferSendFromISR
                0x0000000000405d8d                xStreamBufferReceive
                0x0000000000405f46                xStreamBufferNextMessageLengthBytes
                0x000000000040600c                xStreamBufferReceiveFromISR
                0x00000000004061cd                xStreamBufferIsEmpty
                0x000000000040622b                xStreamBufferIsFull
                0x00000000004062a3                xStreamBufferSendCompletedFromISR
                0x0000000000406336                xStreamBufferReceiveCompletedFromISR
                0x0000000000406735                uxStreamBufferGetStreamBufferNumber
                0x0000000000406746                vStreamBufferSetStreamBufferNumber
                0x000000000040675e                ucStreamBufferGetStreamBufferType
 .text          0x0000000000406780     0x33c0 FreeRTOS_Source\tasks.o
                0x0000000000406780                xTaskCreateStatic
                0x000000000040687d                xTaskCreate
                0x0000000000406c3b                vTaskDelete
                0x0000000000406da0                vTaskDelayUntil
                0x0000000000406e9d                vTaskDelay
                0x0000000000406f01                eTaskGetState
                0x0000000000407000                uxTaskPriorityGet
                0x0000000000407041                uxTaskPriorityGetFromISR
                0x000000000040707f                vTaskPrioritySet
                0x0000000000407244                vTaskSuspend
                0x0000000000407418                vTaskResume
                0x00000000004074ff                xTaskResumeFromISR
                0x00000000004075f4                vTaskStartScheduler
                0x00000000004076e0                vTaskEndScheduler
                0x0000000000407703                vTaskSuspendAll
                0x0000000000407727                xTaskResumeAll
                0x00000000004078a4                xTaskGetTickCount
                0x00000000004078be                xTaskGetTickCountFromISR
                0x00000000004078df                uxTaskGetNumberOfTasks
                0x00000000004078eb                pcTaskGetName
                0x0000000000407a89                xTaskGetHandle
                0x0000000000407b81                uxTaskGetSystemState
                0x0000000000407cff                xTaskGetIdleTaskHandle
                0x0000000000407d31                xTaskCatchUpTicks
                0x0000000000407d85                xTaskAbortDelay
                0x0000000000407e96                xTaskIncrementTick
                0x0000000000408095                vTaskSetApplicationTaskTag
                0x00000000004080e1                xTaskGetApplicationTaskTag
                0x0000000000408128                xTaskGetApplicationTaskTagFromISR
                0x000000000040816c                xTaskCallApplicationTaskHook
                0x00000000004081d1                vTaskSwitchContext
                0x0000000000408300                vTaskPlaceOnEventList
                0x0000000000408354                vTaskPlaceOnUnorderedEventList
                0x00000000004083da                vTaskPlaceOnEventListRestricted
                0x000000000040843d                xTaskRemoveFromEventList
                0x000000000040853b                vTaskRemoveFromUnorderedEventList
                0x0000000000408627                vTaskSetTimeOutState
                0x0000000000408675                vTaskInternalSetTimeOutState
                0x0000000000408699                xTaskCheckForTimeOut
                0x00000000004087a7                vTaskMissedYield
                0x00000000004087b8                uxTaskGetTaskNumber
                0x00000000004087ef                vTaskSetTaskNumber
                0x0000000000408956                vTaskGetInfo
                0x0000000000408be4                uxTaskGetStackHighWaterMark2
                0x0000000000408c2c                uxTaskGetStackHighWaterMark
                0x0000000000408d3c                xTaskGetCurrentTaskHandle
                0x0000000000408d59                xTaskGetSchedulerState
                0x0000000000408d97                xTaskPriorityInherit
                0x0000000000408f04                xTaskPriorityDisinherit
                0x0000000000409088                vTaskPriorityDisinheritAfterTimeout
                0x0000000000409219                uxTaskResetEventItemValue
                0x0000000000409254                pvTaskIncrementMutexHeldCount
                0x0000000000409283                ulTaskNotifyTake
                0x000000000040933c                xTaskNotifyWait
                0x000000000040942c                xTaskGenericNotify
                0x0000000000409608                xTaskGenericNotifyFromISR
                0x0000000000409815                vTaskNotifyGiveFromISR
                0x000000000040995d                xTaskNotifyStateClear
                0x00000000004099be                ulTaskNotifyValueClear
                0x0000000000409a23                ulTaskGetIdleRunTimeCounter
 .text          0x0000000000409b40      0xe20 FreeRTOS_Source\timers.o
                0x0000000000409b40                xTimerCreateTimerTask
                0x0000000000409bfa                xTimerCreate
                0x0000000000409c65                xTimerCreateStatic
                0x0000000000409da1                xTimerGenericCommand
                0x0000000000409e7f                xTimerGetTimerDaemonTaskHandle
                0x0000000000409eb1                xTimerGetPeriod
                0x0000000000409eea                vTimerSetReloadMode
                0x0000000000409f5a                uxTimerGetReloadMode
                0x0000000000409fbb                xTimerGetExpiryTime
                0x0000000000409ffa                pcTimerGetName
                0x000000000040a756                xTimerIsTimerActive
                0x000000000040a7b7                pvTimerGetTimerID
                0x000000000040a803                vTimerSetTimerID
                0x000000000040a850                xTimerPendFunctionCallFromISR
                0x000000000040a8b1                xTimerPendFunctionCall
                0x000000000040a92e                uxTimerGetTimerNumber
                0x000000000040a93f                vTimerSetTimerNumber
 .text          0x000000000040a960      0x200 MyTask.o
                0x000000000040a960                Task_5ms
                0x000000000040aa16                Task_10ms
                0x000000000040aae6                main_task
 .text          0x000000000040ab60       0xd0 Run-time-stats-utils.o
                0x000000000040ab60                vConfigureTimerForRunTimeStats
                0x000000000040abd7                ulGetRunTimeCounterValue
 .text          0x000000000040ac30      0xac0 Standard_Demo_Tasks\AbortDelay.o
                0x000000000040ac30                vCreateAbortDelayTasks
                0x000000000040b674                xAreAbortDelayTestTasksStillRunning
 .text          0x000000000040b6f0      0x4a0 Standard_Demo_Tasks\BlockQ.o
                0x000000000040b6f0                vStartBlockingQueueTasks
                0x000000000040baa3                xAreBlockingQueuesStillRunning
 .text          0x000000000040bb90      0xf80 Standard_Demo_Tasks\EventGroupsDemo.o
                0x000000000040bb90                vStartEventGroupTasks
                0x000000000040c946                vPeriodicEventGroupsProcessing
                0x000000000040ca87                xAreEventGroupTasksStillRunning
 .text          0x000000000040cb10      0xe40 Standard_Demo_Tasks\GenQTest.o
                0x000000000040cb10                vStartGenericQueueTasks
                0x000000000040d8e6                xAreGenericQueueTasksStillRunning
 .text          0x000000000040d950      0x820 Standard_Demo_Tasks\IntSemTest.o
                0x000000000040d950                vStartInterruptSemaphoreTasks
                0x000000000040e03e                vInterruptSemaphorePeriodicTest
                0x000000000040e0fb                xAreInterruptSemaphoreTasksStillRunning
 .text          0x000000000040e170      0x3e0 Standard_Demo_Tasks\MessageBufferAMP.o
                0x000000000040e170                vStartMessageBufferAMPTasks
                0x000000000040e418                vGenerateCoreBInterrupt
                0x000000000040e4b2                xAreMessageBufferAMPTasksStillRunning
 .text          0x000000000040e550     0x13a0 Standard_Demo_Tasks\MessageBufferDemo.o
                0x000000000040e550                vStartMessageBufferTasks
                0x000000000040f7ad                xAreMessageBufferTasksStillRunning
 .text          0x000000000040f8f0      0x230 Standard_Demo_Tasks\PollQ.o
                0x000000000040f8f0                vStartPolledQueueTasks
                0x000000000040facc                xArePollingQueuesStillRunning
 .text          0x000000000040fb20      0x560 Standard_Demo_Tasks\QPeek.o
                0x000000000040fb20                vStartQueuePeekTasks
                0x0000000000410045                xAreQueuePeekTasksStillRunning
 .text          0x0000000000410080      0x330 Standard_Demo_Tasks\QueueOverwrite.o
                0x0000000000410080                vStartQueueOverwriteTask
                0x000000000041023e                xIsQueueOverwriteTaskStillRunning
                0x0000000000410287                vQueueOverwritePeriodicISRDemo
 .text          0x00000000004103b0     0x1310 Standard_Demo_Tasks\QueueSet.o
                0x00000000004103b0                vStartQueueSetTasks
                0x000000000041044d                xAreQueueSetTasksStillRunning
                0x00000000004107c0                vQueueSetAccessQueueSetFromISR
 .text          0x00000000004116c0      0x1c0 Standard_Demo_Tasks\QueueSetPolling.o
                0x00000000004116c0                vStartQueueSetPollingTask
                0x00000000004117e5                vQueueSetPollingInterruptAccess
                0x000000000041184e                xAreQueueSetPollTasksStillRunning
 .text          0x0000000000411880      0xeb0 Standard_Demo_Tasks\StaticAllocation.o
                0x0000000000411880                vStartStaticallyAllocatedTasks
                0x00000000004126cf                xAreStaticAllocationTasksStillRunning
 .text          0x0000000000412730     0x19e0 Standard_Demo_Tasks\StreamBufferDemo.o
                0x0000000000412730                vStartStreamBufferTasks
                0x0000000000413d5c                vPeriodicStreamBufferProcessing
                0x0000000000413fa2                xAreStreamBufferTasksStillRunning
 .text          0x0000000000414110      0x290 Standard_Demo_Tasks\StreamBufferInterrupt.o
                0x0000000000414110                vStartStreamBufferInterruptDemo
                0x00000000004142af                vBasicStreamBufferSendFromISR
                0x000000000041435f                xIsInterruptStreamBufferDemoStillRunning
 .text          0x00000000004143a0     0x1040 Standard_Demo_Tasks\TaskNotify.o
                0x00000000004143a0                vStartTaskNotifyTask
                0x00000000004151c7                xNotifyTaskFromISR
                0x0000000000415317                xAreTaskNotificationTasksStillRunning
 .text          0x00000000004153e0     0x1900 Standard_Demo_Tasks\TimerDemo.o
                0x00000000004153e0                vStartTimerDemoTask
                0x000000000041556d                xAreTimerDemoTasksStillRunning
                0x00000000004162c3                vTimerPeriodicISRTests
 .text          0x0000000000416ce0      0x770 Standard_Demo_Tasks\blocktim.o
                0x0000000000416ce0                vCreateBlockTimeTasks
                0x00000000004173d7                xAreBlockTimeTestTasksStillRunning
 .text          0x0000000000417450      0x3c0 Standard_Demo_Tasks\countsem.o
                0x0000000000417450                vStartCountingSemaphoreTasks
                0x0000000000417798                xAreCountingSemaphoreTasksStillRunning
 .text          0x0000000000417810      0x210 Standard_Demo_Tasks\death.o
                0x0000000000417810                vCreateSuicidalTasks
                0x0000000000417995                xIsCreateTaskStillRunning
 .text          0x0000000000417a20      0x540 Standard_Demo_Tasks\dynamic.o
                0x0000000000417a20                vStartDynamicPriorityTasks
                0x0000000000417ece                xAreDynamicPriorityTasksStillRunning
 .text          0x0000000000417f60      0x610 Standard_Demo_Tasks\flop.o
                0x0000000000417f60                vStartMathTasks
                0x0000000000418500                xAreMathsTaskStillRunning
 .text          0x0000000000418570      0x170 Standard_Demo_Tasks\integer.o
                0x0000000000418570                vStartIntegerMathTasks
                0x0000000000418668                xAreIntegerMathsTaskStillRunning
 .text          0x00000000004186e0      0x420 Standard_Demo_Tasks\semtest.o
                0x00000000004186e0                vStartSemaphoreTasks
                0x0000000000418a78                xAreSemaphoreTasksStillRunning
 .text          0x0000000000418b00      0xb50 code_coverage_additions.o
                0x00000000004195f8                xRunCodeCoverageTestAdditions
 .text          0x0000000000419650      0x620 main.o
                0x0000000000419650                main
                0x000000000041968a                vApplicationMallocFailedHook
                0x00000000004196aa                vApplicationIdleHook
                0x00000000004196b1                vApplicationTickHook
                0x00000000004196b8                vApplicationDaemonTaskStartupHook
                0x00000000004196bf                vAssertCalled
                0x0000000000419bf5                vApplicationGetIdleTaskMemory
                0x0000000000419c2e                vApplicationGetTimerTaskMemory
 .text          0x0000000000419c70      0x210 main_blinky.o
                0x0000000000419c70                main_blinky
 .text          0x0000000000419e80     0x1100 main_full.o
                0x0000000000419e80                main_full
                0x000000000041a437                vFullDemoIdleFunction
                0x000000000041a579                vFullDemoTickHookFunction
 .text          0x000000000041af80        0x8 D:/ITI/lectures/5-Intro to ES- Assaf/Tools/General Tools/mingw64/bin/../lib/gcc/x86_64-w64-mingw32/6.2.0/../../../../x86_64-w64-mingw32/lib/../lib/libwinmm.a(dmces00151.o)
                0x000000000041af80                timeGetDevCaps
 .text          0x000000000041af88        0x8 D:/ITI/lectures/5-Intro to ES- Assaf/Tools/General Tools/mingw64/bin/../lib/gcc/x86_64-w64-mingw32/6.2.0/../../../../x86_64-w64-mingw32/lib/../lib/libwinmm.a(dmces00150.o)
                0x000000000041af88                timeEndPeriod
 .text          0x000000000041af90        0x8 D:/ITI/lectures/5-Intro to ES- Assaf/Tools/General Tools/mingw64/bin/../lib/gcc/x86_64-w64-mingw32/6.2.0/../../../../x86_64-w64-mingw32/lib/../lib/libwinmm.a(dmces00149.o)
                0x000000000041af90                timeBeginPeriod
 *fill*         0x000000000041af98        0x8 
 .text          0x000000000041afa0        0x0 D:/ITI/lectures/5-Intro to ES- Assaf/Tools/General Tools/mingw64/bin/../lib/gcc/x86_64-w64-mingw32/6.2.0/../../../../x86_64-w64-mingw32/lib/../lib/libwinmm.a(dmceh.o)
 .text          0x000000000041afa0        0x0 D:/ITI/lectures/5-Intro to ES- Assaf/Tools/General Tools/mingw64/bin/../lib/gcc/x86_64-w64-mingw32/6.2.0/../../../../x86_64-w64-mingw32/lib/../lib/libwinmm.a(dmcet.o)
 .text          0x000000000041afa0       0xd0 D:/ITI/lectures/5-Intro to ES- Assaf/Tools/General Tools/mingw64/bin/../lib/gcc/x86_64-w64-mingw32/6.2.0/../../../../x86_64-w64-mingw32/lib/../lib/libmingw32.a(lib64_libmingw32_a-atonexit.o)
                0x000000000041afa0                mingw_onexit
                0x000000000041b050                atexit
 .text          0x000000000041b070       0xc0 D:/ITI/lectures/5-Intro to ES- Assaf/Tools/General Tools/mingw64/bin/../lib/gcc/x86_64-w64-mingw32/6.2.0/../../../../x86_64-w64-mingw32/lib/../lib/libmingw32.a(lib64_libmingw32_a-gccmain.o)
                0x000000000041b070                __do_global_dtors
                0x000000000041b0b0                __do_global_ctors
                0x000000000041b110                __main
 .text          0x000000000041b130        0x0 D:/ITI/lectures/5-Intro to ES- Assaf/Tools/General Tools/mingw64/bin/../lib/gcc/x86_64-w64-mingw32/6.2.0/../../../../x86_64-w64-mingw32/lib/../lib/libmingw32.a(lib64_libmingw32_a-natstart.o)
 .text          0x000000000041b130        0x0 D:/ITI/lectures/5-Intro to ES- Assaf/Tools/General Tools/mingw64/bin/../lib/gcc/x86_64-w64-mingw32/6.2.0/../../../../x86_64-w64-mingw32/lib/../lib/libmingw32.a(lib64_libmingw32_a-wildcard.o)
 .text          0x000000000041b130       0x10 D:/ITI/lectures/5-Intro to ES- Assaf/Tools/General Tools/mingw64/bin/../lib/gcc/x86_64-w64-mingw32/6.2.0/../../../../x86_64-w64-mingw32/lib/../lib/libmingw32.a(lib64_libmingw32_a-charmax.o)
 .text          0x000000000041b140       0x10 D:/ITI/lectures/5-Intro to ES- Assaf/Tools/General Tools/mingw64/bin/../lib/gcc/x86_64-w64-mingw32/6.2.0/../../../../x86_64-w64-mingw32/lib/../lib/libmingw32.a(lib64_libmingw32_a-dllargv.o)
                0x000000000041b140                _setargv
 .text          0x000000000041b150      0x1e0 D:/ITI/lectures/5-Intro to ES- Assaf/Tools/General Tools/mingw64/bin/../lib/gcc/x86_64-w64-mingw32/6.2.0/../../../../x86_64-w64-mingw32/lib/../lib/libmingw32.a(lib64_libmingw32_a-gs_support.o)
                0x000000000041b150                __security_init_cookie
                0x000000000041b230                __report_gsfailure
 .text          0x000000000041b330        0x0 D:/ITI/lectures/5-Intro to ES- Assaf/Tools/General Tools/mingw64/bin/../lib/gcc/x86_64-w64-mingw32/6.2.0/../../../../x86_64-w64-mingw32/lib/../lib/libmingw32.a(lib64_libmingw32_a-_newmode.o)
 .text          0x000000000041b330       0xb0 D:/ITI/lectures/5-Intro to ES- Assaf/Tools/General Tools/mingw64/bin/../lib/gcc/x86_64-w64-mingw32/6.2.0/../../../../x86_64-w64-mingw32/lib/../lib/libmingw32.a(lib64_libmingw32_a-tlssup.o)
                0x000000000041b360                __dyn_tls_init
                0x000000000041b3d0                __tlregdtor
 .text          0x000000000041b3e0        0x0 D:/ITI/lectures/5-Intro to ES- Assaf/Tools/General Tools/mingw64/bin/../lib/gcc/x86_64-w64-mingw32/6.2.0/../../../../x86_64-w64-mingw32/lib/../lib/libmingw32.a(lib64_libmingw32_a-cinitexe.o)
 .text          0x000000000041b3e0      0x160 D:/ITI/lectures/5-Intro to ES- Assaf/Tools/General Tools/mingw64/bin/../lib/gcc/x86_64-w64-mingw32/6.2.0/../../../../x86_64-w64-mingw32/lib/../lib/libmingw32.a(lib64_libmingw32_a-merr.o)
                0x000000000041b3e0                __mingw_raise_matherr
                0x000000000041b430                __mingw_setusermatherr
                0x000000000041b440                _matherr
 .text          0x000000000041b540       0x10 D:/ITI/lectures/5-Intro to ES- Assaf/Tools/General Tools/mingw64/bin/../lib/gcc/x86_64-w64-mingw32/6.2.0/../../../../x86_64-w64-mingw32/lib/../lib/libmingw32.a(lib64_libmingw32_a-CRT_fp10.o)
                0x000000000041b540                fpreset
                0x000000000041b540                _fpreset
 .text          0x000000000041b550       0x20 D:/ITI/lectures/5-Intro to ES- Assaf/Tools/General Tools/mingw64/bin/../lib/gcc/x86_64-w64-mingw32/6.2.0/../../../../x86_64-w64-mingw32/lib/../lib/libmingw32.a(lib64_libmingw32_a-mingw_helpers.o)
                0x000000000041b550                _decode_pointer
                0x000000000041b560                _encode_pointer
 .text          0x000000000041b570      0x4e0 D:/ITI/lectures/5-Intro to ES- Assaf/Tools/General Tools/mingw64/bin/../lib/gcc/x86_64-w64-mingw32/6.2.0/../../../../x86_64-w64-mingw32/lib/../lib/libmingw32.a(lib64_libmingw32_a-pseudo-reloc.o)
                0x000000000041b750                _pei386_runtime_relocator
 .text          0x000000000041ba50        0x0 D:/ITI/lectures/5-Intro to ES- Assaf/Tools/General Tools/mingw64/bin/../lib/gcc/x86_64-w64-mingw32/6.2.0/../../../../x86_64-w64-mingw32/lib/../lib/libmingw32.a(lib64_libmingw32_a-xtxtmode.o)
 .text          0x000000000041ba50      0x460 D:/ITI/lectures/5-Intro to ES- Assaf/Tools/General Tools/mingw64/bin/../lib/gcc/x86_64-w64-mingw32/6.2.0/../../../../x86_64-w64-mingw32/lib/../lib/libmingw32.a(lib64_libmingw32_a-crt_handler.o)
                0x000000000041ba50                __mingw_SEH_error_handler
                0x000000000041bc00                __mingw_init_ehandler
                0x000000000041bcf0                _gnu_exception_handler
 .text          0x000000000041beb0      0x270 D:/ITI/lectures/5-Intro to ES- Assaf/Tools/General Tools/mingw64/bin/../lib/gcc/x86_64-w64-mingw32/6.2.0/../../../../x86_64-w64-mingw32/lib/../lib/libmingw32.a(lib64_libmingw32_a-tlsthrd.o)
                0x000000000041bf20                ___w64_mingwthr_add_key_dtor
                0x000000000041bfa0                ___w64_mingwthr_remove_key_dtor
                0x000000000041c040                __mingw_TLScallback
 .text          0x000000000041c120        0x0 D:/ITI/lectures/5-Intro to ES- Assaf/Tools/General Tools/mingw64/bin/../lib/gcc/x86_64-w64-mingw32/6.2.0/../../../../x86_64-w64-mingw32/lib/../lib/libmingw32.a(lib64_libmingw32_a-tlsmcrt.o)
 .text          0x000000000041c120        0x0 D:/ITI/lectures/5-Intro to ES- Assaf/Tools/General Tools/mingw64/bin/../lib/gcc/x86_64-w64-mingw32/6.2.0/../../../../x86_64-w64-mingw32/lib/../lib/libmingw32.a(lib64_libmingw32_a-pseudo-reloc-list.o)
 .text          0x000000000041c120      0x3a0 D:/ITI/lectures/5-Intro to ES- Assaf/Tools/General Tools/mingw64/bin/../lib/gcc/x86_64-w64-mingw32/6.2.0/../../../../x86_64-w64-mingw32/lib/../lib/libmingw32.a(lib64_libmingw32_a-pesect.o)
                0x000000000041c140                _ValidateImageBase
                0x000000000041c160                _FindPESection
                0x000000000041c1b0                _FindPESectionByName
                0x000000000041c250                __mingw_GetSectionForAddress
                0x000000000041c2a0                __mingw_GetSectionCount
                0x000000000041c2e0                _FindPESectionExec
                0x000000000041c370                _GetPEImageBase
                0x000000000041c3b0                _IsNonwritableInCurrentImage
                0x000000000041c410                __mingw_enum_import_library_names
 .text          0x000000000041c4c0       0x40 D:/ITI/lectures/5-Intro to ES- Assaf/Tools/General Tools/mingw64/bin/../lib/gcc/x86_64-w64-mingw32/6.2.0/libgcc.a(_chkstk_ms.o)
                0x000000000041c4c0                ___chkstk_ms
 .text          0x000000000041c500        0x0 D:/ITI/lectures/5-Intro to ES- Assaf/Tools/General Tools/mingw64/bin/../lib/gcc/x86_64-w64-mingw32/6.2.0/libgcc.a(_ctors.o)
 .text          0x000000000041c500        0x0 D:/ITI/lectures/5-Intro to ES- Assaf/Tools/General Tools/mingw64/bin/../lib/gcc/x86_64-w64-mingw32/6.2.0/../../../../x86_64-w64-mingw32/lib/../lib/libmingwex.a(lib64_libmingwex_a-mingw_matherr.o)
 .text          0x000000000041c500        0x8 D:/ITI/lectures/5-Intro to ES- Assaf/Tools/General Tools/mingw64/bin/../lib/gcc/x86_64-w64-mingw32/6.2.0/../../../../x86_64-w64-mingw32/lib/../lib/libmsvcrt.a(dekes01240.o)
                0x000000000041c500                vfprintf
 .text          0x000000000041c508        0x8 D:/ITI/lectures/5-Intro to ES- Assaf/Tools/General Tools/mingw64/bin/../lib/gcc/x86_64-w64-mingw32/6.2.0/../../../../x86_64-w64-mingw32/lib/../lib/libmsvcrt.a(dekes01208.o)
                0x000000000041c508                strncmp
 .text          0x000000000041c510        0x8 D:/ITI/lectures/5-Intro to ES- Assaf/Tools/General Tools/mingw64/bin/../lib/gcc/x86_64-w64-mingw32/6.2.0/../../../../x86_64-w64-mingw32/lib/../lib/libmsvcrt.a(dekes01205.o)
                0x000000000041c510                strlen
 .text          0x000000000041c518        0x8 D:/ITI/lectures/5-Intro to ES- Assaf/Tools/General Tools/mingw64/bin/../lib/gcc/x86_64-w64-mingw32/6.2.0/../../../../x86_64-w64-mingw32/lib/../lib/libmsvcrt.a(dekes01198.o)
                0x000000000041c518                strcmp
 .text          0x000000000041c520        0x8 D:/ITI/lectures/5-Intro to ES- Assaf/Tools/General Tools/mingw64/bin/../lib/gcc/x86_64-w64-mingw32/6.2.0/../../../../x86_64-w64-mingw32/lib/../lib/libmsvcrt.a(dekes01189.o)
                0x000000000041c520                sprintf
 .text          0x000000000041c528        0x8 D:/ITI/lectures/5-Intro to ES- Assaf/Tools/General Tools/mingw64/bin/../lib/gcc/x86_64-w64-mingw32/6.2.0/../../../../x86_64-w64-mingw32/lib/../lib/libmsvcrt.a(dekes01184.o)
                0x000000000041c528                signal
 .text          0x000000000041c530        0x8 D:/ITI/lectures/5-Intro to ES- Assaf/Tools/General Tools/mingw64/bin/../lib/gcc/x86_64-w64-mingw32/6.2.0/../../../../x86_64-w64-mingw32/lib/../lib/libmsvcrt.a(dekes01173.o)
                0x000000000041c530                rand
 .text          0x000000000041c538        0x8 D:/ITI/lectures/5-Intro to ES- Assaf/Tools/General Tools/mingw64/bin/../lib/gcc/x86_64-w64-mingw32/6.2.0/../../../../x86_64-w64-mingw32/lib/../lib/libmsvcrt.a(dekes01167.o)
                0x000000000041c538                puts
 .text          0x000000000041c540        0x8 D:/ITI/lectures/5-Intro to ES- Assaf/Tools/General Tools/mingw64/bin/../lib/gcc/x86_64-w64-mingw32/6.2.0/../../../../x86_64-w64-mingw32/lib/../lib/libmsvcrt.a(dekes01166.o)
                0x000000000041c540                putchar
 .text          0x000000000041c548        0x8 D:/ITI/lectures/5-Intro to ES- Assaf/Tools/General Tools/mingw64/bin/../lib/gcc/x86_64-w64-mingw32/6.2.0/../../../../x86_64-w64-mingw32/lib/../lib/libmsvcrt.a(dekes01163.o)
                0x000000000041c548                printf
 .text          0x000000000041c550        0x8 D:/ITI/lectures/5-Intro to ES- Assaf/Tools/General Tools/mingw64/bin/../lib/gcc/x86_64-w64-mingw32/6.2.0/../../../../x86_64-w64-mingw32/lib/../lib/libmsvcrt.a(dekes01156.o)
                0x000000000041c550                memset
 .text          0x000000000041c558        0x8 D:/ITI/lectures/5-Intro to ES- Assaf/Tools/General Tools/mingw64/bin/../lib/gcc/x86_64-w64-mingw32/6.2.0/../../../../x86_64-w64-mingw32/lib/../lib/libmsvcrt.a(dekes01154.o)
                0x000000000041c558                memcpy
 .text          0x000000000041c560        0x8 D:/ITI/lectures/5-Intro to ES- Assaf/Tools/General Tools/mingw64/bin/../lib/gcc/x86_64-w64-mingw32/6.2.0/../../../../x86_64-w64-mingw32/lib/../lib/libmsvcrt.a(dekes01153.o)
                0x000000000041c560                memcmp
 .text          0x000000000041c568        0x8 D:/ITI/lectures/5-Intro to ES- Assaf/Tools/General Tools/mingw64/bin/../lib/gcc/x86_64-w64-mingw32/6.2.0/../../../../x86_64-w64-mingw32/lib/../lib/libmsvcrt.a(dekes01146.o)
                0x000000000041c568                malloc
 .text          0x000000000041c570        0x8 D:/ITI/lectures/5-Intro to ES- Assaf/Tools/General Tools/mingw64/bin/../lib/gcc/x86_64-w64-mingw32/6.2.0/../../../../x86_64-w64-mingw32/lib/../lib/libmsvcrt.a(dekes01099.o)
                0x000000000041c570                fwrite
 .text          0x000000000041c578        0x8 D:/ITI/lectures/5-Intro to ES- Assaf/Tools/General Tools/mingw64/bin/../lib/gcc/x86_64-w64-mingw32/6.2.0/../../../../x86_64-w64-mingw32/lib/../lib/libmsvcrt.a(dekes01087.o)
                0x000000000041c578                free
 .text          0x000000000041c580        0x8 D:/ITI/lectures/5-Intro to ES- Assaf/Tools/General Tools/mingw64/bin/../lib/gcc/x86_64-w64-mingw32/6.2.0/../../../../x86_64-w64-mingw32/lib/../lib/libmsvcrt.a(dekes01080.o)
                0x000000000041c580                fprintf
 .text          0x000000000041c588        0x8 D:/ITI/lectures/5-Intro to ES- Assaf/Tools/General Tools/mingw64/bin/../lib/gcc/x86_64-w64-mingw32/6.2.0/../../../../x86_64-w64-mingw32/lib/../lib/libmsvcrt.a(dekes01078.o)
                0x000000000041c588                fopen
 .text          0x000000000041c590        0x8 D:/ITI/lectures/5-Intro to ES- Assaf/Tools/General Tools/mingw64/bin/../lib/gcc/x86_64-w64-mingw32/6.2.0/../../../../x86_64-w64-mingw32/lib/../lib/libmsvcrt.a(dekes01068.o)
                0x000000000041c590                fflush
 .text          0x000000000041c598        0x8 D:/ITI/lectures/5-Intro to ES- Assaf/Tools/General Tools/mingw64/bin/../lib/gcc/x86_64-w64-mingw32/6.2.0/../../../../x86_64-w64-mingw32/lib/../lib/libmsvcrt.a(dekes01065.o)
                0x000000000041c598                fclose
 .text          0x000000000041c5a0        0x8 D:/ITI/lectures/5-Intro to ES- Assaf/Tools/General Tools/mingw64/bin/../lib/gcc/x86_64-w64-mingw32/6.2.0/../../../../x86_64-w64-mingw32/lib/../lib/libmsvcrt.a(dekes01061.o)
                0x000000000041c5a0                exit
 .text          0x000000000041c5a8        0x8 D:/ITI/lectures/5-Intro to ES- Assaf/Tools/General Tools/mingw64/bin/../lib/gcc/x86_64-w64-mingw32/6.2.0/../../../../x86_64-w64-mingw32/lib/../lib/libmsvcrt.a(dekes01048.o)
                0x000000000041c5a8                calloc
 .text          0x000000000041c5b0        0x8 D:/ITI/lectures/5-Intro to ES- Assaf/Tools/General Tools/mingw64/bin/../lib/gcc/x86_64-w64-mingw32/6.2.0/../../../../x86_64-w64-mingw32/lib/../lib/libmsvcrt.a(dekes01028.o)
                0x000000000041c5b0                abort
 .text          0x000000000041c5b8        0x8 D:/ITI/lectures/5-Intro to ES- Assaf/Tools/General Tools/mingw64/bin/../lib/gcc/x86_64-w64-mingw32/6.2.0/../../../../x86_64-w64-mingw32/lib/../lib/libmsvcrt.a(dekes00820.o)
                0x000000000041c5b8                _unlock
 .text          0x000000000041c5c0        0x8 D:/ITI/lectures/5-Intro to ES- Assaf/Tools/General Tools/mingw64/bin/../lib/gcc/x86_64-w64-mingw32/6.2.0/../../../../x86_64-w64-mingw32/lib/../lib/libmsvcrt.a(dekes00611.o)
                0x000000000041c5c0                _onexit
 .text          0x000000000041c5c8        0x8 D:/ITI/lectures/5-Intro to ES- Assaf/Tools/General Tools/mingw64/bin/../lib/gcc/x86_64-w64-mingw32/6.2.0/../../../../x86_64-w64-mingw32/lib/../lib/libmsvcrt.a(dekes00438.o)
                0x000000000041c5c8                _lock
 .text          0x000000000041c5d0        0x8 D:/ITI/lectures/5-Intro to ES- Assaf/Tools/General Tools/mingw64/bin/../lib/gcc/x86_64-w64-mingw32/6.2.0/../../../../x86_64-w64-mingw32/lib/../lib/libmsvcrt.a(dekes00330.o)
                0x000000000041c5d0                _initterm
 .text          0x000000000041c5d8        0x0 D:/ITI/lectures/5-Intro to ES- Assaf/Tools/General Tools/mingw64/bin/../lib/gcc/x86_64-w64-mingw32/6.2.0/../../../../x86_64-w64-mingw32/lib/../lib/libmsvcrt.a(dekes00252.o)
 .text          0x000000000041c5d8        0x8 D:/ITI/lectures/5-Intro to ES- Assaf/Tools/General Tools/mingw64/bin/../lib/gcc/x86_64-w64-mingw32/6.2.0/../../../../x86_64-w64-mingw32/lib/../lib/libmsvcrt.a(dekes00141.o)
                0x000000000041c5d8                _cexit
 .text          0x000000000041c5e0        0x8 D:/ITI/lectures/5-Intro to ES- Assaf/Tools/General Tools/mingw64/bin/../lib/gcc/x86_64-w64-mingw32/6.2.0/../../../../x86_64-w64-mingw32/lib/../lib/libmsvcrt.a(dekes00123.o)
                0x000000000041c5e0                _amsg_exit
 .text          0x000000000041c5e8        0x0 D:/ITI/lectures/5-Intro to ES- Assaf/Tools/General Tools/mingw64/bin/../lib/gcc/x86_64-w64-mingw32/6.2.0/../../../../x86_64-w64-mingw32/lib/../lib/libmsvcrt.a(dekes00116.o)
 .text          0x000000000041c5e8        0x8 D:/ITI/lectures/5-Intro to ES- Assaf/Tools/General Tools/mingw64/bin/../lib/gcc/x86_64-w64-mingw32/6.2.0/../../../../x86_64-w64-mingw32/lib/../lib/libmsvcrt.a(dekes00099.o)
                0x000000000041c5e8                __setusermatherr
 .text          0x000000000041c5f0        0x8 D:/ITI/lectures/5-Intro to ES- Assaf/Tools/General Tools/mingw64/bin/../lib/gcc/x86_64-w64-mingw32/6.2.0/../../../../x86_64-w64-mingw32/lib/../lib/libmsvcrt.a(dekes00097.o)
                0x000000000041c5f0                __set_app_type
 .text          0x000000000041c5f8        0x8 D:/ITI/lectures/5-Intro to ES- Assaf/Tools/General Tools/mingw64/bin/../lib/gcc/x86_64-w64-mingw32/6.2.0/../../../../x86_64-w64-mingw32/lib/../lib/libmsvcrt.a(dekes00091.o)
                0x000000000041c5f8                __lconv_init
 .text          0x000000000041c600        0x8 D:/ITI/lectures/5-Intro to ES- Assaf/Tools/General Tools/mingw64/bin/../lib/gcc/x86_64-w64-mingw32/6.2.0/../../../../x86_64-w64-mingw32/lib/../lib/libmsvcrt.a(dekes00083.o)
                0x000000000041c600                __iob_func
 .text          0x000000000041c608        0x0 D:/ITI/lectures/5-Intro to ES- Assaf/Tools/General Tools/mingw64/bin/../lib/gcc/x86_64-w64-mingw32/6.2.0/../../../../x86_64-w64-mingw32/lib/../lib/libmsvcrt.a(dekes00082.o)
 .text          0x000000000041c608        0x8 D:/ITI/lectures/5-Intro to ES- Assaf/Tools/General Tools/mingw64/bin/../lib/gcc/x86_64-w64-mingw32/6.2.0/../../../../x86_64-w64-mingw32/lib/../lib/libmsvcrt.a(dekes00081.o)
                0x000000000041c608                __getmainargs
 .text          0x000000000041c610        0x8 D:/ITI/lectures/5-Intro to ES- Assaf/Tools/General Tools/mingw64/bin/../lib/gcc/x86_64-w64-mingw32/6.2.0/../../../../x86_64-w64-mingw32/lib/../lib/libmsvcrt.a(dekes00078.o)
                0x000000000041c610                __dllonexit
 .text          0x000000000041c618        0x8 D:/ITI/lectures/5-Intro to ES- Assaf/Tools/General Tools/mingw64/bin/../lib/gcc/x86_64-w64-mingw32/6.2.0/../../../../x86_64-w64-mingw32/lib/../lib/libmsvcrt.a(dekes00055.o)
                0x000000000041c618                __C_specific_handler
 .text          0x000000000041c620       0x20 D:/ITI/lectures/5-Intro to ES- Assaf/Tools/General Tools/mingw64/bin/../lib/gcc/x86_64-w64-mingw32/6.2.0/../../../../x86_64-w64-mingw32/lib/../lib/libmsvcrt.a(lib64_libmsvcrt_a-invalid_parameter_handler.o)
                0x000000000041c620                _get_invalid_parameter_handler
                0x000000000041c630                _set_invalid_parameter_handler
 .text          0x000000000041c640        0x0 D:/ITI/lectures/5-Intro to ES- Assaf/Tools/General Tools/mingw64/bin/../lib/gcc/x86_64-w64-mingw32/6.2.0/../../../../x86_64-w64-mingw32/lib/../lib/libmsvcrt.a(dekeh.o)
 .text          0x000000000041c640        0x0 D:/ITI/lectures/5-Intro to ES- Assaf/Tools/General Tools/mingw64/bin/../lib/gcc/x86_64-w64-mingw32/6.2.0/../../../../x86_64-w64-mingw32/lib/../lib/libmsvcrt.a(deket.o)
 .text          0x000000000041c640        0x8 D:/ITI/lectures/5-Intro to ES- Assaf/Tools/General Tools/mingw64/bin/../lib/gcc/x86_64-w64-mingw32/6.2.0/../../../../x86_64-w64-mingw32/lib/../lib/libkernel32.a(dmmds01274.o)
                0x000000000041c640                WaitForSingleObject
 .text          0x000000000041c648        0x8 D:/ITI/lectures/5-Intro to ES- Assaf/Tools/General Tools/mingw64/bin/../lib/gcc/x86_64-w64-mingw32/6.2.0/../../../../x86_64-w64-mingw32/lib/../lib/libkernel32.a(dmmds01272.o)
                0x000000000041c648                WaitForMultipleObjects
 .text          0x000000000041c650        0x8 D:/ITI/lectures/5-Intro to ES- Assaf/Tools/General Tools/mingw64/bin/../lib/gcc/x86_64-w64-mingw32/6.2.0/../../../../x86_64-w64-mingw32/lib/../lib/libkernel32.a(dmmds01266.o)
                0x000000000041c650                VirtualQuery
 .text          0x000000000041c658        0x8 D:/ITI/lectures/5-Intro to ES- Assaf/Tools/General Tools/mingw64/bin/../lib/gcc/x86_64-w64-mingw32/6.2.0/../../../../x86_64-w64-mingw32/lib/../lib/libkernel32.a(dmmds01264.o)
                0x000000000041c658                VirtualProtect
 .text          0x000000000041c660        0x8 D:/ITI/lectures/5-Intro to ES- Assaf/Tools/General Tools/mingw64/bin/../lib/gcc/x86_64-w64-mingw32/6.2.0/../../../../x86_64-w64-mingw32/lib/../lib/libkernel32.a(dmmds01234.o)
                0x000000000041c660                UnhandledExceptionFilter
 .text          0x000000000041c668        0x8 D:/ITI/lectures/5-Intro to ES- Assaf/Tools/General Tools/mingw64/bin/../lib/gcc/x86_64-w64-mingw32/6.2.0/../../../../x86_64-w64-mingw32/lib/../lib/libkernel32.a(dmmds01221.o)
                0x000000000041c668                TlsGetValue
 .text          0x000000000041c670        0x8 D:/ITI/lectures/5-Intro to ES- Assaf/Tools/General Tools/mingw64/bin/../lib/gcc/x86_64-w64-mingw32/6.2.0/../../../../x86_64-w64-mingw32/lib/../lib/libkernel32.a(dmmds01215.o)
                0x000000000041c670                TerminateThread
 .text          0x000000000041c678        0x8 D:/ITI/lectures/5-Intro to ES- Assaf/Tools/General Tools/mingw64/bin/../lib/gcc/x86_64-w64-mingw32/6.2.0/../../../../x86_64-w64-mingw32/lib/../lib/libkernel32.a(dmmds01214.o)
                0x000000000041c678                TerminateProcess
 .text          0x000000000041c680        0x8 D:/ITI/lectures/5-Intro to ES- Assaf/Tools/General Tools/mingw64/bin/../lib/gcc/x86_64-w64-mingw32/6.2.0/../../../../x86_64-w64-mingw32/lib/../lib/libkernel32.a(dmmds01208.o)
                0x000000000041c680                SuspendThread
 .text          0x000000000041c688        0x8 D:/ITI/lectures/5-Intro to ES- Assaf/Tools/General Tools/mingw64/bin/../lib/gcc/x86_64-w64-mingw32/6.2.0/../../../../x86_64-w64-mingw32/lib/../lib/libkernel32.a(dmmds01200.o)
                0x000000000041c688                Sleep
 .text          0x000000000041c690        0x8 D:/ITI/lectures/5-Intro to ES- Assaf/Tools/General Tools/mingw64/bin/../lib/gcc/x86_64-w64-mingw32/6.2.0/../../../../x86_64-w64-mingw32/lib/../lib/libkernel32.a(dmmds01187.o)
                0x000000000041c690                SetUnhandledExceptionFilter
 .text          0x000000000041c698        0x8 D:/ITI/lectures/5-Intro to ES- Assaf/Tools/General Tools/mingw64/bin/../lib/gcc/x86_64-w64-mingw32/6.2.0/../../../../x86_64-w64-mingw32/lib/../lib/libkernel32.a(dmmds01175.o)
                0x000000000041c698                SetThreadPriorityBoost
 .text          0x000000000041c6a0        0x8 D:/ITI/lectures/5-Intro to ES- Assaf/Tools/General Tools/mingw64/bin/../lib/gcc/x86_64-w64-mingw32/6.2.0/../../../../x86_64-w64-mingw32/lib/../lib/libkernel32.a(dmmds01174.o)
                0x000000000041c6a0                SetThreadPriority
 .text          0x000000000041c6a8        0x8 D:/ITI/lectures/5-Intro to ES- Assaf/Tools/General Tools/mingw64/bin/../lib/gcc/x86_64-w64-mingw32/6.2.0/../../../../x86_64-w64-mingw32/lib/../lib/libkernel32.a(dmmds01165.o)
                0x000000000041c6a8                SetThreadAffinityMask
 .text          0x000000000041c6b0        0x8 D:/ITI/lectures/5-Intro to ES- Assaf/Tools/General Tools/mingw64/bin/../lib/gcc/x86_64-w64-mingw32/6.2.0/../../../../x86_64-w64-mingw32/lib/../lib/libkernel32.a(dmmds01146.o)
                0x000000000041c6b0                SetPriorityClass
 .text          0x000000000041c6b8        0x8 D:/ITI/lectures/5-Intro to ES- Assaf/Tools/General Tools/mingw64/bin/../lib/gcc/x86_64-w64-mingw32/6.2.0/../../../../x86_64-w64-mingw32/lib/../lib/libkernel32.a(dmmds01111.o)
                0x000000000041c6b8                SetEvent
 .text          0x000000000041c6c0        0x8 D:/ITI/lectures/5-Intro to ES- Assaf/Tools/General Tools/mingw64/bin/../lib/gcc/x86_64-w64-mingw32/6.2.0/../../../../x86_64-w64-mingw32/lib/../lib/libkernel32.a(dmmds01067.o)
                0x000000000041c6c0                SetConsoleCtrlHandler
 .text          0x000000000041c6c8        0x8 D:/ITI/lectures/5-Intro to ES- Assaf/Tools/General Tools/mingw64/bin/../lib/gcc/x86_64-w64-mingw32/6.2.0/../../../../x86_64-w64-mingw32/lib/../lib/libkernel32.a(dmmds01044.o)
                0x000000000041c6c8                RtlVirtualUnwind
 .text          0x000000000041c6d0        0x8 D:/ITI/lectures/5-Intro to ES- Assaf/Tools/General Tools/mingw64/bin/../lib/gcc/x86_64-w64-mingw32/6.2.0/../../../../x86_64-w64-mingw32/lib/../lib/libkernel32.a(dmmds01037.o)
                0x000000000041c6d0                RtlLookupFunctionEntry
 .text          0x000000000041c6d8        0x8 D:/ITI/lectures/5-Intro to ES- Assaf/Tools/General Tools/mingw64/bin/../lib/gcc/x86_64-w64-mingw32/6.2.0/../../../../x86_64-w64-mingw32/lib/../lib/libkernel32.a(dmmds01030.o)
                0x000000000041c6d8                RtlCaptureContext
 .text          0x000000000041c6e0        0x8 D:/ITI/lectures/5-Intro to ES- Assaf/Tools/General Tools/mingw64/bin/../lib/gcc/x86_64-w64-mingw32/6.2.0/../../../../x86_64-w64-mingw32/lib/../lib/libkernel32.a(dmmds01029.o)
                0x000000000041c6e0                RtlAddFunctionTable
 .text          0x000000000041c6e8        0x8 D:/ITI/lectures/5-Intro to ES- Assaf/Tools/General Tools/mingw64/bin/../lib/gcc/x86_64-w64-mingw32/6.2.0/../../../../x86_64-w64-mingw32/lib/../lib/libkernel32.a(dmmds01028.o)
                0x000000000041c6e8                ResumeThread
 .text          0x000000000041c6f0        0x8 D:/ITI/lectures/5-Intro to ES- Assaf/Tools/General Tools/mingw64/bin/../lib/gcc/x86_64-w64-mingw32/6.2.0/../../../../x86_64-w64-mingw32/lib/../lib/libkernel32.a(dmmds01024.o)
                0x000000000041c6f0                ResetEvent
 .text          0x000000000041c6f8        0x8 D:/ITI/lectures/5-Intro to ES- Assaf/Tools/General Tools/mingw64/bin/../lib/gcc/x86_64-w64-mingw32/6.2.0/../../../../x86_64-w64-mingw32/lib/../lib/libkernel32.a(dmmds01003.o)
                0x000000000041c6f8                ReleaseMutex
 .text          0x000000000041c700        0x8 D:/ITI/lectures/5-Intro to ES- Assaf/Tools/General Tools/mingw64/bin/../lib/gcc/x86_64-w64-mingw32/6.2.0/../../../../x86_64-w64-mingw32/lib/../lib/libkernel32.a(dmmds00959.o)
                0x000000000041c700                QueryPerformanceFrequency
 .text          0x000000000041c708        0x8 D:/ITI/lectures/5-Intro to ES- Assaf/Tools/General Tools/mingw64/bin/../lib/gcc/x86_64-w64-mingw32/6.2.0/../../../../x86_64-w64-mingw32/lib/../lib/libkernel32.a(dmmds00958.o)
                0x000000000041c708                QueryPerformanceCounter
 .text          0x000000000041c710        0x8 D:/ITI/lectures/5-Intro to ES- Assaf/Tools/General Tools/mingw64/bin/../lib/gcc/x86_64-w64-mingw32/6.2.0/../../../../x86_64-w64-mingw32/lib/../lib/libkernel32.a(dmmds00844.o)
                0x000000000041c710                LeaveCriticalSection
 .text          0x000000000041c718        0x8 D:/ITI/lectures/5-Intro to ES- Assaf/Tools/General Tools/mingw64/bin/../lib/gcc/x86_64-w64-mingw32/6.2.0/../../../../x86_64-w64-mingw32/lib/../lib/libkernel32.a(dmmds00762.o)
                0x000000000041c718                InitializeCriticalSection
 .text          0x000000000041c720        0x8 D:/ITI/lectures/5-Intro to ES- Assaf/Tools/General Tools/mingw64/bin/../lib/gcc/x86_64-w64-mingw32/6.2.0/../../../../x86_64-w64-mingw32/lib/../lib/libkernel32.a(dmmds00678.o)
                0x000000000041c720                GetTickCount
 .text          0x000000000041c728        0x8 D:/ITI/lectures/5-Intro to ES- Assaf/Tools/General Tools/mingw64/bin/../lib/gcc/x86_64-w64-mingw32/6.2.0/../../../../x86_64-w64-mingw32/lib/../lib/libkernel32.a(dmmds00665.o)
                0x000000000041c728                GetThreadContext
 .text          0x000000000041c730        0x8 D:/ITI/lectures/5-Intro to ES- Assaf/Tools/General Tools/mingw64/bin/../lib/gcc/x86_64-w64-mingw32/6.2.0/../../../../x86_64-w64-mingw32/lib/../lib/libkernel32.a(dmmds00651.o)
                0x000000000041c730                GetSystemTimeAsFileTime
 .text          0x000000000041c738        0x8 D:/ITI/lectures/5-Intro to ES- Assaf/Tools/General Tools/mingw64/bin/../lib/gcc/x86_64-w64-mingw32/6.2.0/../../../../x86_64-w64-mingw32/lib/../lib/libkernel32.a(dmmds00645.o)
                0x000000000041c738                GetSystemInfo
 .text          0x000000000041c740        0x8 D:/ITI/lectures/5-Intro to ES- Assaf/Tools/General Tools/mingw64/bin/../lib/gcc/x86_64-w64-mingw32/6.2.0/../../../../x86_64-w64-mingw32/lib/../lib/libkernel32.a(dmmds00628.o)
                0x000000000041c740                GetStartupInfoA
 .text          0x000000000041c748        0x8 D:/ITI/lectures/5-Intro to ES- Assaf/Tools/General Tools/mingw64/bin/../lib/gcc/x86_64-w64-mingw32/6.2.0/../../../../x86_64-w64-mingw32/lib/../lib/libkernel32.a(dmmds00599.o)
                0x000000000041c748                GetProcAddress
 .text          0x000000000041c750        0x8 D:/ITI/lectures/5-Intro to ES- Assaf/Tools/General Tools/mingw64/bin/../lib/gcc/x86_64-w64-mingw32/6.2.0/../../../../x86_64-w64-mingw32/lib/../lib/libkernel32.a(dmmds00549.o)
                0x000000000041c750                GetModuleHandleA
 .text          0x000000000041c758        0x8 D:/ITI/lectures/5-Intro to ES- Assaf/Tools/General Tools/mingw64/bin/../lib/gcc/x86_64-w64-mingw32/6.2.0/../../../../x86_64-w64-mingw32/lib/../lib/libkernel32.a(dmmds00529.o)
                0x000000000041c758                GetLastError
 .text          0x000000000041c760        0x8 D:/ITI/lectures/5-Intro to ES- Assaf/Tools/General Tools/mingw64/bin/../lib/gcc/x86_64-w64-mingw32/6.2.0/../../../../x86_64-w64-mingw32/lib/../lib/libkernel32.a(dmmds00467.o)
                0x000000000041c760                GetCurrentThreadId
 .text          0x000000000041c768        0x8 D:/ITI/lectures/5-Intro to ES- Assaf/Tools/General Tools/mingw64/bin/../lib/gcc/x86_64-w64-mingw32/6.2.0/../../../../x86_64-w64-mingw32/lib/../lib/libkernel32.a(dmmds00466.o)
                0x000000000041c768                GetCurrentThread
 .text          0x000000000041c770        0x8 D:/ITI/lectures/5-Intro to ES- Assaf/Tools/General Tools/mingw64/bin/../lib/gcc/x86_64-w64-mingw32/6.2.0/../../../../x86_64-w64-mingw32/lib/../lib/libkernel32.a(dmmds00463.o)
                0x000000000041c770                GetCurrentProcessId
 .text          0x000000000041c778        0x8 D:/ITI/lectures/5-Intro to ES- Assaf/Tools/General Tools/mingw64/bin/../lib/gcc/x86_64-w64-mingw32/6.2.0/../../../../x86_64-w64-mingw32/lib/../lib/libkernel32.a(dmmds00462.o)
                0x000000000041c778                GetCurrentProcess
 .text          0x000000000041c780        0x8 D:/ITI/lectures/5-Intro to ES- Assaf/Tools/General Tools/mingw64/bin/../lib/gcc/x86_64-w64-mingw32/6.2.0/../../../../x86_64-w64-mingw32/lib/../lib/libkernel32.a(dmmds00295.o)
                0x000000000041c780                ExitThread
 .text          0x000000000041c788        0x8 D:/ITI/lectures/5-Intro to ES- Assaf/Tools/General Tools/mingw64/bin/../lib/gcc/x86_64-w64-mingw32/6.2.0/../../../../x86_64-w64-mingw32/lib/../lib/libkernel32.a(dmmds00249.o)
                0x000000000041c788                EnterCriticalSection
 .text          0x000000000041c790        0x8 D:/ITI/lectures/5-Intro to ES- Assaf/Tools/General Tools/mingw64/bin/../lib/gcc/x86_64-w64-mingw32/6.2.0/../../../../x86_64-w64-mingw32/lib/../lib/libkernel32.a(dmmds00216.o)
                0x000000000041c790                DeleteCriticalSection
 .text          0x000000000041c798        0x8 D:/ITI/lectures/5-Intro to ES- Assaf/Tools/General Tools/mingw64/bin/../lib/gcc/x86_64-w64-mingw32/6.2.0/../../../../x86_64-w64-mingw32/lib/../lib/libkernel32.a(dmmds00186.o)
                0x000000000041c798                CreateThread
 .text          0x000000000041c7a0        0x8 D:/ITI/lectures/5-Intro to ES- Assaf/Tools/General Tools/mingw64/bin/../lib/gcc/x86_64-w64-mingw32/6.2.0/../../../../x86_64-w64-mingw32/lib/../lib/libkernel32.a(dmmds00160.o)
                0x000000000041c7a0                CreateMutexA
 .text          0x000000000041c7a8        0x8 D:/ITI/lectures/5-Intro to ES- Assaf/Tools/General Tools/mingw64/bin/../lib/gcc/x86_64-w64-mingw32/6.2.0/../../../../x86_64-w64-mingw32/lib/../lib/libkernel32.a(dmmds00134.o)
                0x000000000041c7a8                CreateEventA
 .text          0x000000000041c7b0        0x8 D:/ITI/lectures/5-Intro to ES- Assaf/Tools/General Tools/mingw64/bin/../lib/gcc/x86_64-w64-mingw32/6.2.0/../../../../x86_64-w64-mingw32/lib/../lib/libkernel32.a(dmmds00085.o)
                0x000000000041c7b0                CloseHandle
 *fill*         0x000000000041c7b8        0x8 
 .text          0x000000000041c7c0        0x0 D:/ITI/lectures/5-Intro to ES- Assaf/Tools/General Tools/mingw64/bin/../lib/gcc/x86_64-w64-mingw32/6.2.0/../../../../x86_64-w64-mingw32/lib/../lib/libkernel32.a(dmmdh.o)
 .text          0x000000000041c7c0        0x0 D:/ITI/lectures/5-Intro to ES- Assaf/Tools/General Tools/mingw64/bin/../lib/gcc/x86_64-w64-mingw32/6.2.0/../../../../x86_64-w64-mingw32/lib/../lib/libkernel32.a(dmmdt.o)
 .text          0x000000000041c7c0        0x0 D:/ITI/lectures/5-Intro to ES- Assaf/Tools/General Tools/mingw64/bin/../lib/gcc/x86_64-w64-mingw32/6.2.0/crtend.o
 *(SORT(.text$*))
 *(.text.*)
 .text.unlikely
                0x000000000041c7c0        0x0 D:/ITI/lectures/5-Intro to ES- Assaf/Tools/General Tools/mingw64/bin/../lib/gcc/x86_64-w64-mingw32/6.2.0/../../../../x86_64-w64-mingw32/lib/../lib/crt2.o
 .text.unlikely
                0x000000000041c7c0        0x0 D:/ITI/lectures/5-Intro to ES- Assaf/Tools/General Tools/mingw64/bin/../lib/gcc/x86_64-w64-mingw32/6.2.0/../../../../x86_64-w64-mingw32/lib/../lib/libmingw32.a(lib64_libmingw32_a-atonexit.o)
 .text.unlikely
                0x000000000041c7c0        0x0 D:/ITI/lectures/5-Intro to ES- Assaf/Tools/General Tools/mingw64/bin/../lib/gcc/x86_64-w64-mingw32/6.2.0/../../../../x86_64-w64-mingw32/lib/../lib/libmingw32.a(lib64_libmingw32_a-gccmain.o)
 .text.unlikely
                0x000000000041c7c0        0x0 D:/ITI/lectures/5-Intro to ES- Assaf/Tools/General Tools/mingw64/bin/../lib/gcc/x86_64-w64-mingw32/6.2.0/../../../../x86_64-w64-mingw32/lib/../lib/libmingw32.a(lib64_libmingw32_a-charmax.o)
 .text.unlikely
                0x000000000041c7c0        0x0 D:/ITI/lectures/5-Intro to ES- Assaf/Tools/General Tools/mingw64/bin/../lib/gcc/x86_64-w64-mingw32/6.2.0/../../../../x86_64-w64-mingw32/lib/../lib/libmingw32.a(lib64_libmingw32_a-dllargv.o)
 .text.unlikely
                0x000000000041c7c0        0x0 D:/ITI/lectures/5-Intro to ES- Assaf/Tools/General Tools/mingw64/bin/../lib/gcc/x86_64-w64-mingw32/6.2.0/../../../../x86_64-w64-mingw32/lib/../lib/libmingw32.a(lib64_libmingw32_a-gs_support.o)
 .text.unlikely
                0x000000000041c7c0        0x0 D:/ITI/lectures/5-Intro to ES- Assaf/Tools/General Tools/mingw64/bin/../lib/gcc/x86_64-w64-mingw32/6.2.0/../../../../x86_64-w64-mingw32/lib/../lib/libmingw32.a(lib64_libmingw32_a-tlssup.o)
 .text.unlikely
                0x000000000041c7c0        0x0 D:/ITI/lectures/5-Intro to ES- Assaf/Tools/General Tools/mingw64/bin/../lib/gcc/x86_64-w64-mingw32/6.2.0/../../../../x86_64-w64-mingw32/lib/../lib/libmingw32.a(lib64_libmingw32_a-merr.o)
 .text.unlikely
                0x000000000041c7c0        0x0 D:/ITI/lectures/5-Intro to ES- Assaf/Tools/General Tools/mingw64/bin/../lib/gcc/x86_64-w64-mingw32/6.2.0/../../../../x86_64-w64-mingw32/lib/../lib/libmingw32.a(lib64_libmingw32_a-CRT_fp10.o)
 .text.unlikely
                0x000000000041c7c0        0x0 D:/ITI/lectures/5-Intro to ES- Assaf/Tools/General Tools/mingw64/bin/../lib/gcc/x86_64-w64-mingw32/6.2.0/../../../../x86_64-w64-mingw32/lib/../lib/libmingw32.a(lib64_libmingw32_a-mingw_helpers.o)
 .text.unlikely
                0x000000000041c7c0        0x0 D:/ITI/lectures/5-Intro to ES- Assaf/Tools/General Tools/mingw64/bin/../lib/gcc/x86_64-w64-mingw32/6.2.0/../../../../x86_64-w64-mingw32/lib/../lib/libmingw32.a(lib64_libmingw32_a-pseudo-reloc.o)
 .text.unlikely
                0x000000000041c7c0        0x0 D:/ITI/lectures/5-Intro to ES- Assaf/Tools/General Tools/mingw64/bin/../lib/gcc/x86_64-w64-mingw32/6.2.0/../../../../x86_64-w64-mingw32/lib/../lib/libmingw32.a(lib64_libmingw32_a-crt_handler.o)
 .text.unlikely
                0x000000000041c7c0        0x0 D:/ITI/lectures/5-Intro to ES- Assaf/Tools/General Tools/mingw64/bin/../lib/gcc/x86_64-w64-mingw32/6.2.0/../../../../x86_64-w64-mingw32/lib/../lib/libmingw32.a(lib64_libmingw32_a-tlsthrd.o)
 .text.unlikely
                0x000000000041c7c0        0x0 D:/ITI/lectures/5-Intro to ES- Assaf/Tools/General Tools/mingw64/bin/../lib/gcc/x86_64-w64-mingw32/6.2.0/../../../../x86_64-w64-mingw32/lib/../lib/libmingw32.a(lib64_libmingw32_a-pesect.o)
 .text.unlikely
                0x000000000041c7c0        0x0 D:/ITI/lectures/5-Intro to ES- Assaf/Tools/General Tools/mingw64/bin/../lib/gcc/x86_64-w64-mingw32/6.2.0/../../../../x86_64-w64-mingw32/lib/../lib/libmsvcrt.a(lib64_libmsvcrt_a-invalid_parameter_handler.o)
 .text.startup  0x000000000041c7c0       0x10 D:/ITI/lectures/5-Intro to ES- Assaf/Tools/General Tools/mingw64/bin/../lib/gcc/x86_64-w64-mingw32/6.2.0/crtend.o
 *(.gnu.linkonce.t.*)
 *(.glue_7t)
 *(.glue_7)
                0x000000000041c7d0                . = ALIGN (0x8)
                0x000000000041c7d0                ___CTOR_LIST__ = .
                0x000000000041c7d0                __CTOR_LIST__ = .
                0x000000000041c7d0        0x4 LONG 0xffffffffffffffff
                0x000000000041c7d4        0x4 LONG 0xffffffffffffffff
 *(.ctors)
 *(.ctor)
 *(SORT(.ctors.*))
 .ctors.65535   0x000000000041c7d8        0x8 D:/ITI/lectures/5-Intro to ES- Assaf/Tools/General Tools/mingw64/bin/../lib/gcc/x86_64-w64-mingw32/6.2.0/crtend.o
                0x000000000041c7e0        0x4 LONG 0x0
                0x000000000041c7e4        0x4 LONG 0x0
                0x000000000041c7e8                ___DTOR_LIST__ = .
                0x000000000041c7e8                __DTOR_LIST__ = .
                0x000000000041c7e8        0x4 LONG 0xffffffffffffffff
                0x000000000041c7ec        0x4 LONG 0xffffffffffffffff
 *(.dtors)
 *(.dtor)
 *(SORT(.dtors.*))
                0x000000000041c7f0        0x4 LONG 0x0
                0x000000000041c7f4        0x4 LONG 0x0
 *(.fini)
 *(.gcc_exc)
                0x000000000041c7f8                PROVIDE (etext, .)
 *(.gcc_except_table)

.data           0x000000000041d000      0x200
                0x000000000041d000                __data_start__ = .
 *(.data)
 .data          0x000000000041d000       0x10 D:/ITI/lectures/5-Intro to ES- Assaf/Tools/General Tools/mingw64/bin/../lib/gcc/x86_64-w64-mingw32/6.2.0/../../../../x86_64-w64-mingw32/lib/../lib/crt2.o
                0x000000000041d000                __mingw_winmain_nShowCmd
 .data          0x000000000041d010        0x0 D:/ITI/lectures/5-Intro to ES- Assaf/Tools/General Tools/mingw64/bin/../lib/gcc/x86_64-w64-mingw32/6.2.0/crtbegin.o
 .data          0x000000000041d010        0x0 DemosModifiedForLowTickRate\recmutex.o
 .data          0x000000000041d010        0x0 FreeRTOS_Source\croutine.o
 .data          0x000000000041d010        0x0 FreeRTOS_Source\event_groups.o
 .data          0x000000000041d010        0x0 FreeRTOS_Source\list.o
 .data          0x000000000041d010       0x10 FreeRTOS_Source\portable\MSVC-MingW\port.o
 .data          0x000000000041d020        0x0 FreeRTOS_Source\portable\MemMang\heap_5.o
 .data          0x000000000041d020        0x0 FreeRTOS_Source\queue.o
 .data          0x000000000041d020        0x0 FreeRTOS_Source\stream_buffer.o
 .data          0x000000000041d020        0x0 FreeRTOS_Source\tasks.o
 .data          0x000000000041d020        0x0 FreeRTOS_Source\timers.o
 .data          0x000000000041d020        0x0 MyTask.o
 .data          0x000000000041d020        0x0 Run-time-stats-utils.o
 .data          0x000000000041d020       0x10 Standard_Demo_Tasks\AbortDelay.o
 .data          0x000000000041d030        0x0 Standard_Demo_Tasks\BlockQ.o
 .data          0x000000000041d030        0x0 Standard_Demo_Tasks\EventGroupsDemo.o
 .data          0x000000000041d030        0x0 Standard_Demo_Tasks\GenQTest.o
 .data          0x000000000041d030        0x0 Standard_Demo_Tasks\IntSemTest.o
 .data          0x000000000041d030       0x10 Standard_Demo_Tasks\MessageBufferAMP.o
                0x000000000041d030                xDemoStatus
 .data          0x000000000041d040       0x10 Standard_Demo_Tasks\MessageBufferDemo.o
 .data          0x000000000041d050        0x0 Standard_Demo_Tasks\PollQ.o
 .data          0x000000000041d050        0x0 Standard_Demo_Tasks\QPeek.o
 .data          0x000000000041d050       0x10 Standard_Demo_Tasks\QueueOverwrite.o
 .data          0x000000000041d060       0x10 Standard_Demo_Tasks\QueueSet.o
 .data          0x000000000041d070       0x10 Standard_Demo_Tasks\QueueSetPolling.o
 .data          0x000000000041d080        0x0 Standard_Demo_Tasks\StaticAllocation.o
 .data          0x000000000041d080       0x20 Standard_Demo_Tasks\StreamBufferDemo.o
 .data          0x000000000041d0a0       0x20 Standard_Demo_Tasks\StreamBufferInterrupt.o
 .data          0x000000000041d0c0       0x10 Standard_Demo_Tasks\TaskNotify.o
 .data          0x000000000041d0d0       0x10 Standard_Demo_Tasks\TimerDemo.o
 .data          0x000000000041d0e0        0x0 Standard_Demo_Tasks\blocktim.o
 .data          0x000000000041d0e0        0x0 Standard_Demo_Tasks\countsem.o
 .data          0x000000000041d0e0       0x10 Standard_Demo_Tasks\death.o
 .data          0x000000000041d0f0        0x0 Standard_Demo_Tasks\dynamic.o
 .data          0x000000000041d0f0        0x0 Standard_Demo_Tasks\flop.o
 .data          0x000000000041d0f0        0x0 Standard_Demo_Tasks\integer.o
 .data          0x000000000041d0f0        0x0 Standard_Demo_Tasks\semtest.o
 .data          0x000000000041d0f0        0x0 code_coverage_additions.o
 .data          0x000000000041d0f0       0x10 main.o
 .data          0x000000000041d100        0x0 main_blinky.o
 .data          0x000000000041d100       0x10 main_full.o
 .data          0x000000000041d110        0x0 D:/ITI/lectures/5-Intro to ES- Assaf/Tools/General Tools/mingw64/bin/../lib/gcc/x86_64-w64-mingw32/6.2.0/../../../../x86_64-w64-mingw32/lib/../lib/libwinmm.a(dmces00151.o)
 .data          0x000000000041d110        0x0 D:/ITI/lectures/5-Intro to ES- Assaf/Tools/General Tools/mingw64/bin/../lib/gcc/x86_64-w64-mingw32/6.2.0/../../../../x86_64-w64-mingw32/lib/../lib/libwinmm.a(dmces00150.o)
 .data          0x000000000041d110        0x0 D:/ITI/lectures/5-Intro to ES- Assaf/Tools/General Tools/mingw64/bin/../lib/gcc/x86_64-w64-mingw32/6.2.0/../../../../x86_64-w64-mingw32/lib/../lib/libwinmm.a(dmces00149.o)
 .data          0x000000000041d110        0x0 D:/ITI/lectures/5-Intro to ES- Assaf/Tools/General Tools/mingw64/bin/../lib/gcc/x86_64-w64-mingw32/6.2.0/../../../../x86_64-w64-mingw32/lib/../lib/libwinmm.a(dmceh.o)
 .data          0x000000000041d110        0x0 D:/ITI/lectures/5-Intro to ES- Assaf/Tools/General Tools/mingw64/bin/../lib/gcc/x86_64-w64-mingw32/6.2.0/../../../../x86_64-w64-mingw32/lib/../lib/libwinmm.a(dmcet.o)
 .data          0x000000000041d110        0x0 D:/ITI/lectures/5-Intro to ES- Assaf/Tools/General Tools/mingw64/bin/../lib/gcc/x86_64-w64-mingw32/6.2.0/../../../../x86_64-w64-mingw32/lib/../lib/libmingw32.a(lib64_libmingw32_a-atonexit.o)
 .data          0x000000000041d110       0x10 D:/ITI/lectures/5-Intro to ES- Assaf/Tools/General Tools/mingw64/bin/../lib/gcc/x86_64-w64-mingw32/6.2.0/../../../../x86_64-w64-mingw32/lib/../lib/libmingw32.a(lib64_libmingw32_a-gccmain.o)
 .data          0x000000000041d120       0x10 D:/ITI/lectures/5-Intro to ES- Assaf/Tools/General Tools/mingw64/bin/../lib/gcc/x86_64-w64-mingw32/6.2.0/../../../../x86_64-w64-mingw32/lib/../lib/libmingw32.a(lib64_libmingw32_a-natstart.o)
                0x000000000041d120                __native_vcclrit_reason
                0x000000000041d124                __native_dllmain_reason
 .data          0x000000000041d130       0x10 D:/ITI/lectures/5-Intro to ES- Assaf/Tools/General Tools/mingw64/bin/../lib/gcc/x86_64-w64-mingw32/6.2.0/../../../../x86_64-w64-mingw32/lib/../lib/libmingw32.a(lib64_libmingw32_a-wildcard.o)
                0x000000000041d130                _dowildcard
 .data          0x000000000041d140       0x10 D:/ITI/lectures/5-Intro to ES- Assaf/Tools/General Tools/mingw64/bin/../lib/gcc/x86_64-w64-mingw32/6.2.0/../../../../x86_64-w64-mingw32/lib/../lib/libmingw32.a(lib64_libmingw32_a-charmax.o)
                0x000000000041d140                _charmax
 .data          0x000000000041d150        0x0 D:/ITI/lectures/5-Intro to ES- Assaf/Tools/General Tools/mingw64/bin/../lib/gcc/x86_64-w64-mingw32/6.2.0/../../../../x86_64-w64-mingw32/lib/../lib/libmingw32.a(lib64_libmingw32_a-dllargv.o)
 .data          0x000000000041d150        0x0 D:/ITI/lectures/5-Intro to ES- Assaf/Tools/General Tools/mingw64/bin/../lib/gcc/x86_64-w64-mingw32/6.2.0/../../../../x86_64-w64-mingw32/lib/../lib/libmingw32.a(lib64_libmingw32_a-gs_support.o)
 .data          0x000000000041d150        0x0 D:/ITI/lectures/5-Intro to ES- Assaf/Tools/General Tools/mingw64/bin/../lib/gcc/x86_64-w64-mingw32/6.2.0/../../../../x86_64-w64-mingw32/lib/../lib/libmingw32.a(lib64_libmingw32_a-_newmode.o)
 .data          0x000000000041d150        0x0 D:/ITI/lectures/5-Intro to ES- Assaf/Tools/General Tools/mingw64/bin/../lib/gcc/x86_64-w64-mingw32/6.2.0/../../../../x86_64-w64-mingw32/lib/../lib/libmingw32.a(lib64_libmingw32_a-tlssup.o)
 .data          0x000000000041d150        0x0 D:/ITI/lectures/5-Intro to ES- Assaf/Tools/General Tools/mingw64/bin/../lib/gcc/x86_64-w64-mingw32/6.2.0/../../../../x86_64-w64-mingw32/lib/../lib/libmingw32.a(lib64_libmingw32_a-cinitexe.o)
 .data          0x000000000041d150        0x0 D:/ITI/lectures/5-Intro to ES- Assaf/Tools/General Tools/mingw64/bin/../lib/gcc/x86_64-w64-mingw32/6.2.0/../../../../x86_64-w64-mingw32/lib/../lib/libmingw32.a(lib64_libmingw32_a-merr.o)
 .data          0x000000000041d150        0x0 D:/ITI/lectures/5-Intro to ES- Assaf/Tools/General Tools/mingw64/bin/../lib/gcc/x86_64-w64-mingw32/6.2.0/../../../../x86_64-w64-mingw32/lib/../lib/libmingw32.a(lib64_libmingw32_a-CRT_fp10.o)
 .data          0x000000000041d150        0x0 D:/ITI/lectures/5-Intro to ES- Assaf/Tools/General Tools/mingw64/bin/../lib/gcc/x86_64-w64-mingw32/6.2.0/../../../../x86_64-w64-mingw32/lib/../lib/libmingw32.a(lib64_libmingw32_a-mingw_helpers.o)
 .data          0x000000000041d150        0x0 D:/ITI/lectures/5-Intro to ES- Assaf/Tools/General Tools/mingw64/bin/../lib/gcc/x86_64-w64-mingw32/6.2.0/../../../../x86_64-w64-mingw32/lib/../lib/libmingw32.a(lib64_libmingw32_a-pseudo-reloc.o)
 .data          0x000000000041d150        0x0 D:/ITI/lectures/5-Intro to ES- Assaf/Tools/General Tools/mingw64/bin/../lib/gcc/x86_64-w64-mingw32/6.2.0/../../../../x86_64-w64-mingw32/lib/../lib/libmingw32.a(lib64_libmingw32_a-xtxtmode.o)
 .data          0x000000000041d150        0x0 D:/ITI/lectures/5-Intro to ES- Assaf/Tools/General Tools/mingw64/bin/../lib/gcc/x86_64-w64-mingw32/6.2.0/../../../../x86_64-w64-mingw32/lib/../lib/libmingw32.a(lib64_libmingw32_a-crt_handler.o)
 .data          0x000000000041d150        0x0 D:/ITI/lectures/5-Intro to ES- Assaf/Tools/General Tools/mingw64/bin/../lib/gcc/x86_64-w64-mingw32/6.2.0/../../../../x86_64-w64-mingw32/lib/../lib/libmingw32.a(lib64_libmingw32_a-tlsthrd.o)
 .data          0x000000000041d150       0x10 D:/ITI/lectures/5-Intro to ES- Assaf/Tools/General Tools/mingw64/bin/../lib/gcc/x86_64-w64-mingw32/6.2.0/../../../../x86_64-w64-mingw32/lib/../lib/libmingw32.a(lib64_libmingw32_a-tlsmcrt.o)
                0x000000000041d150                _CRT_MT
 .data          0x000000000041d160        0x0 D:/ITI/lectures/5-Intro to ES- Assaf/Tools/General Tools/mingw64/bin/../lib/gcc/x86_64-w64-mingw32/6.2.0/../../../../x86_64-w64-mingw32/lib/../lib/libmingw32.a(lib64_libmingw32_a-pseudo-reloc-list.o)
 .data          0x000000000041d160        0x0 D:/ITI/lectures/5-Intro to ES- Assaf/Tools/General Tools/mingw64/bin/../lib/gcc/x86_64-w64-mingw32/6.2.0/../../../../x86_64-w64-mingw32/lib/../lib/libmingw32.a(lib64_libmingw32_a-pesect.o)
 .data          0x000000000041d160        0x0 D:/ITI/lectures/5-Intro to ES- Assaf/Tools/General Tools/mingw64/bin/../lib/gcc/x86_64-w64-mingw32/6.2.0/libgcc.a(_chkstk_ms.o)
 .data          0x000000000041d160        0x0 D:/ITI/lectures/5-Intro to ES- Assaf/Tools/General Tools/mingw64/bin/../lib/gcc/x86_64-w64-mingw32/6.2.0/libgcc.a(_ctors.o)
 .data          0x000000000041d160       0x10 D:/ITI/lectures/5-Intro to ES- Assaf/Tools/General Tools/mingw64/bin/../lib/gcc/x86_64-w64-mingw32/6.2.0/../../../../x86_64-w64-mingw32/lib/../lib/libmingwex.a(lib64_libmingwex_a-mingw_matherr.o)
                0x000000000041d160                _MINGW_INSTALL_DEBUG_MATHERR
 .data          0x000000000041d170        0x0 D:/ITI/lectures/5-Intro to ES- Assaf/Tools/General Tools/mingw64/bin/../lib/gcc/x86_64-w64-mingw32/6.2.0/../../../../x86_64-w64-mingw32/lib/../lib/libmsvcrt.a(dekes01240.o)
 .data          0x000000000041d170        0x0 D:/ITI/lectures/5-Intro to ES- Assaf/Tools/General Tools/mingw64/bin/../lib/gcc/x86_64-w64-mingw32/6.2.0/../../../../x86_64-w64-mingw32/lib/../lib/libmsvcrt.a(dekes01208.o)
 .data          0x000000000041d170        0x0 D:/ITI/lectures/5-Intro to ES- Assaf/Tools/General Tools/mingw64/bin/../lib/gcc/x86_64-w64-mingw32/6.2.0/../../../../x86_64-w64-mingw32/lib/../lib/libmsvcrt.a(dekes01205.o)
 .data          0x000000000041d170        0x0 D:/ITI/lectures/5-Intro to ES- Assaf/Tools/General Tools/mingw64/bin/../lib/gcc/x86_64-w64-mingw32/6.2.0/../../../../x86_64-w64-mingw32/lib/../lib/libmsvcrt.a(dekes01198.o)
 .data          0x000000000041d170        0x0 D:/ITI/lectures/5-Intro to ES- Assaf/Tools/General Tools/mingw64/bin/../lib/gcc/x86_64-w64-mingw32/6.2.0/../../../../x86_64-w64-mingw32/lib/../lib/libmsvcrt.a(dekes01189.o)
 .data          0x000000000041d170        0x0 D:/ITI/lectures/5-Intro to ES- Assaf/Tools/General Tools/mingw64/bin/../lib/gcc/x86_64-w64-mingw32/6.2.0/../../../../x86_64-w64-mingw32/lib/../lib/libmsvcrt.a(dekes01184.o)
 .data          0x000000000041d170        0x0 D:/ITI/lectures/5-Intro to ES- Assaf/Tools/General Tools/mingw64/bin/../lib/gcc/x86_64-w64-mingw32/6.2.0/../../../../x86_64-w64-mingw32/lib/../lib/libmsvcrt.a(dekes01173.o)
 .data          0x000000000041d170        0x0 D:/ITI/lectures/5-Intro to ES- Assaf/Tools/General Tools/mingw64/bin/../lib/gcc/x86_64-w64-mingw32/6.2.0/../../../../x86_64-w64-mingw32/lib/../lib/libmsvcrt.a(dekes01167.o)
 .data          0x000000000041d170        0x0 D:/ITI/lectures/5-Intro to ES- Assaf/Tools/General Tools/mingw64/bin/../lib/gcc/x86_64-w64-mingw32/6.2.0/../../../../x86_64-w64-mingw32/lib/../lib/libmsvcrt.a(dekes01166.o)
 .data          0x000000000041d170        0x0 D:/ITI/lectures/5-Intro to ES- Assaf/Tools/General Tools/mingw64/bin/../lib/gcc/x86_64-w64-mingw32/6.2.0/../../../../x86_64-w64-mingw32/lib/../lib/libmsvcrt.a(dekes01163.o)
 .data          0x000000000041d170        0x0 D:/ITI/lectures/5-Intro to ES- Assaf/Tools/General Tools/mingw64/bin/../lib/gcc/x86_64-w64-mingw32/6.2.0/../../../../x86_64-w64-mingw32/lib/../lib/libmsvcrt.a(dekes01156.o)
 .data          0x000000000041d170        0x0 D:/ITI/lectures/5-Intro to ES- Assaf/Tools/General Tools/mingw64/bin/../lib/gcc/x86_64-w64-mingw32/6.2.0/../../../../x86_64-w64-mingw32/lib/../lib/libmsvcrt.a(dekes01154.o)
 .data          0x000000000041d170        0x0 D:/ITI/lectures/5-Intro to ES- Assaf/Tools/General Tools/mingw64/bin/../lib/gcc/x86_64-w64-mingw32/6.2.0/../../../../x86_64-w64-mingw32/lib/../lib/libmsvcrt.a(dekes01153.o)
 .data          0x000000000041d170        0x0 D:/ITI/lectures/5-Intro to ES- Assaf/Tools/General Tools/mingw64/bin/../lib/gcc/x86_64-w64-mingw32/6.2.0/../../../../x86_64-w64-mingw32/lib/../lib/libmsvcrt.a(dekes01146.o)
 .data          0x000000000041d170        0x0 D:/ITI/lectures/5-Intro to ES- Assaf/Tools/General Tools/mingw64/bin/../lib/gcc/x86_64-w64-mingw32/6.2.0/../../../../x86_64-w64-mingw32/lib/../lib/libmsvcrt.a(dekes01099.o)
 .data          0x000000000041d170        0x0 D:/ITI/lectures/5-Intro to ES- Assaf/Tools/General Tools/mingw64/bin/../lib/gcc/x86_64-w64-mingw32/6.2.0/../../../../x86_64-w64-mingw32/lib/../lib/libmsvcrt.a(dekes01087.o)
 .data          0x000000000041d170        0x0 D:/ITI/lectures/5-Intro to ES- Assaf/Tools/General Tools/mingw64/bin/../lib/gcc/x86_64-w64-mingw32/6.2.0/../../../../x86_64-w64-mingw32/lib/../lib/libmsvcrt.a(dekes01080.o)
 .data          0x000000000041d170        0x0 D:/ITI/lectures/5-Intro to ES- Assaf/Tools/General Tools/mingw64/bin/../lib/gcc/x86_64-w64-mingw32/6.2.0/../../../../x86_64-w64-mingw32/lib/../lib/libmsvcrt.a(dekes01078.o)
 .data          0x000000000041d170        0x0 D:/ITI/lectures/5-Intro to ES- Assaf/Tools/General Tools/mingw64/bin/../lib/gcc/x86_64-w64-mingw32/6.2.0/../../../../x86_64-w64-mingw32/lib/../lib/libmsvcrt.a(dekes01068.o)
 .data          0x000000000041d170        0x0 D:/ITI/lectures/5-Intro to ES- Assaf/Tools/General Tools/mingw64/bin/../lib/gcc/x86_64-w64-mingw32/6.2.0/../../../../x86_64-w64-mingw32/lib/../lib/libmsvcrt.a(dekes01065.o)
 .data          0x000000000041d170        0x0 D:/ITI/lectures/5-Intro to ES- Assaf/Tools/General Tools/mingw64/bin/../lib/gcc/x86_64-w64-mingw32/6.2.0/../../../../x86_64-w64-mingw32/lib/../lib/libmsvcrt.a(dekes01061.o)
 .data          0x000000000041d170        0x0 D:/ITI/lectures/5-Intro to ES- Assaf/Tools/General Tools/mingw64/bin/../lib/gcc/x86_64-w64-mingw32/6.2.0/../../../../x86_64-w64-mingw32/lib/../lib/libmsvcrt.a(dekes01048.o)
 .data          0x000000000041d170        0x0 D:/ITI/lectures/5-Intro to ES- Assaf/Tools/General Tools/mingw64/bin/../lib/gcc/x86_64-w64-mingw32/6.2.0/../../../../x86_64-w64-mingw32/lib/../lib/libmsvcrt.a(dekes01028.o)
 .data          0x000000000041d170        0x0 D:/ITI/lectures/5-Intro to ES- Assaf/Tools/General Tools/mingw64/bin/../lib/gcc/x86_64-w64-mingw32/6.2.0/../../../../x86_64-w64-mingw32/lib/../lib/libmsvcrt.a(dekes00820.o)
 .data          0x000000000041d170        0x0 D:/ITI/lectures/5-Intro to ES- Assaf/Tools/General Tools/mingw64/bin/../lib/gcc/x86_64-w64-mingw32/6.2.0/../../../../x86_64-w64-mingw32/lib/../lib/libmsvcrt.a(dekes00611.o)
 .data          0x000000000041d170        0x0 D:/ITI/lectures/5-Intro to ES- Assaf/Tools/General Tools/mingw64/bin/../lib/gcc/x86_64-w64-mingw32/6.2.0/../../../../x86_64-w64-mingw32/lib/../lib/libmsvcrt.a(dekes00438.o)
 .data          0x000000000041d170        0x0 D:/ITI/lectures/5-Intro to ES- Assaf/Tools/General Tools/mingw64/bin/../lib/gcc/x86_64-w64-mingw32/6.2.0/../../../../x86_64-w64-mingw32/lib/../lib/libmsvcrt.a(dekes00330.o)
 .data          0x000000000041d170        0x0 D:/ITI/lectures/5-Intro to ES- Assaf/Tools/General Tools/mingw64/bin/../lib/gcc/x86_64-w64-mingw32/6.2.0/../../../../x86_64-w64-mingw32/lib/../lib/libmsvcrt.a(dekes00252.o)
 .data          0x000000000041d170        0x0 D:/ITI/lectures/5-Intro to ES- Assaf/Tools/General Tools/mingw64/bin/../lib/gcc/x86_64-w64-mingw32/6.2.0/../../../../x86_64-w64-mingw32/lib/../lib/libmsvcrt.a(dekes00141.o)
 .data          0x000000000041d170        0x0 D:/ITI/lectures/5-Intro to ES- Assaf/Tools/General Tools/mingw64/bin/../lib/gcc/x86_64-w64-mingw32/6.2.0/../../../../x86_64-w64-mingw32/lib/../lib/libmsvcrt.a(dekes00123.o)
 .data          0x000000000041d170        0x0 D:/ITI/lectures/5-Intro to ES- Assaf/Tools/General Tools/mingw64/bin/../lib/gcc/x86_64-w64-mingw32/6.2.0/../../../../x86_64-w64-mingw32/lib/../lib/libmsvcrt.a(dekes00116.o)
 .data          0x000000000041d170        0x0 D:/ITI/lectures/5-Intro to ES- Assaf/Tools/General Tools/mingw64/bin/../lib/gcc/x86_64-w64-mingw32/6.2.0/../../../../x86_64-w64-mingw32/lib/../lib/libmsvcrt.a(dekes00099.o)
 .data          0x000000000041d170        0x0 D:/ITI/lectures/5-Intro to ES- Assaf/Tools/General Tools/mingw64/bin/../lib/gcc/x86_64-w64-mingw32/6.2.0/../../../../x86_64-w64-mingw32/lib/../lib/libmsvcrt.a(dekes00097.o)
 .data          0x000000000041d170        0x0 D:/ITI/lectures/5-Intro to ES- Assaf/Tools/General Tools/mingw64/bin/../lib/gcc/x86_64-w64-mingw32/6.2.0/../../../../x86_64-w64-mingw32/lib/../lib/libmsvcrt.a(dekes00091.o)
 .data          0x000000000041d170        0x0 D:/ITI/lectures/5-Intro to ES- Assaf/Tools/General Tools/mingw64/bin/../lib/gcc/x86_64-w64-mingw32/6.2.0/../../../../x86_64-w64-mingw32/lib/../lib/libmsvcrt.a(dekes00083.o)
 .data          0x000000000041d170        0x0 D:/ITI/lectures/5-Intro to ES- Assaf/Tools/General Tools/mingw64/bin/../lib/gcc/x86_64-w64-mingw32/6.2.0/../../../../x86_64-w64-mingw32/lib/../lib/libmsvcrt.a(dekes00082.o)
 .data          0x000000000041d170        0x0 D:/ITI/lectures/5-Intro to ES- Assaf/Tools/General Tools/mingw64/bin/../lib/gcc/x86_64-w64-mingw32/6.2.0/../../../../x86_64-w64-mingw32/lib/../lib/libmsvcrt.a(dekes00081.o)
 .data          0x000000000041d170        0x0 D:/ITI/lectures/5-Intro to ES- Assaf/Tools/General Tools/mingw64/bin/../lib/gcc/x86_64-w64-mingw32/6.2.0/../../../../x86_64-w64-mingw32/lib/../lib/libmsvcrt.a(dekes00078.o)
 .data          0x000000000041d170        0x0 D:/ITI/lectures/5-Intro to ES- Assaf/Tools/General Tools/mingw64/bin/../lib/gcc/x86_64-w64-mingw32/6.2.0/../../../../x86_64-w64-mingw32/lib/../lib/libmsvcrt.a(dekes00055.o)
 .data          0x000000000041d170       0x10 D:/ITI/lectures/5-Intro to ES- Assaf/Tools/General Tools/mingw64/bin/../lib/gcc/x86_64-w64-mingw32/6.2.0/../../../../x86_64-w64-mingw32/lib/../lib/libmsvcrt.a(lib64_libmsvcrt_a-invalid_parameter_handler.o)
                0x000000000041d170                __imp__get_invalid_parameter_handler
                0x000000000041d178                __imp__set_invalid_parameter_handler
 .data          0x000000000041d180        0x0 D:/ITI/lectures/5-Intro to ES- Assaf/Tools/General Tools/mingw64/bin/../lib/gcc/x86_64-w64-mingw32/6.2.0/../../../../x86_64-w64-mingw32/lib/../lib/libmsvcrt.a(dekeh.o)
 .data          0x000000000041d180        0x0 D:/ITI/lectures/5-Intro to ES- Assaf/Tools/General Tools/mingw64/bin/../lib/gcc/x86_64-w64-mingw32/6.2.0/../../../../x86_64-w64-mingw32/lib/../lib/libmsvcrt.a(deket.o)
 .data          0x000000000041d180        0x0 D:/ITI/lectures/5-Intro to ES- Assaf/Tools/General Tools/mingw64/bin/../lib/gcc/x86_64-w64-mingw32/6.2.0/../../../../x86_64-w64-mingw32/lib/../lib/libkernel32.a(dmmds01274.o)
 .data          0x000000000041d180        0x0 D:/ITI/lectures/5-Intro to ES- Assaf/Tools/General Tools/mingw64/bin/../lib/gcc/x86_64-w64-mingw32/6.2.0/../../../../x86_64-w64-mingw32/lib/../lib/libkernel32.a(dmmds01272.o)
 .data          0x000000000041d180        0x0 D:/ITI/lectures/5-Intro to ES- Assaf/Tools/General Tools/mingw64/bin/../lib/gcc/x86_64-w64-mingw32/6.2.0/../../../../x86_64-w64-mingw32/lib/../lib/libkernel32.a(dmmds01266.o)
 .data          0x000000000041d180        0x0 D:/ITI/lectures/5-Intro to ES- Assaf/Tools/General Tools/mingw64/bin/../lib/gcc/x86_64-w64-mingw32/6.2.0/../../../../x86_64-w64-mingw32/lib/../lib/libkernel32.a(dmmds01264.o)
 .data          0x000000000041d180        0x0 D:/ITI/lectures/5-Intro to ES- Assaf/Tools/General Tools/mingw64/bin/../lib/gcc/x86_64-w64-mingw32/6.2.0/../../../../x86_64-w64-mingw32/lib/../lib/libkernel32.a(dmmds01234.o)
 .data          0x000000000041d180        0x0 D:/ITI/lectures/5-Intro to ES- Assaf/Tools/General Tools/mingw64/bin/../lib/gcc/x86_64-w64-mingw32/6.2.0/../../../../x86_64-w64-mingw32/lib/../lib/libkernel32.a(dmmds01221.o)
 .data          0x000000000041d180        0x0 D:/ITI/lectures/5-Intro to ES- Assaf/Tools/General Tools/mingw64/bin/../lib/gcc/x86_64-w64-mingw32/6.2.0/../../../../x86_64-w64-mingw32/lib/../lib/libkernel32.a(dmmds01215.o)
 .data          0x000000000041d180        0x0 D:/ITI/lectures/5-Intro to ES- Assaf/Tools/General Tools/mingw64/bin/../lib/gcc/x86_64-w64-mingw32/6.2.0/../../../../x86_64-w64-mingw32/lib/../lib/libkernel32.a(dmmds01214.o)
 .data          0x000000000041d180        0x0 D:/ITI/lectures/5-Intro to ES- Assaf/Tools/General Tools/mingw64/bin/../lib/gcc/x86_64-w64-mingw32/6.2.0/../../../../x86_64-w64-mingw32/lib/../lib/libkernel32.a(dmmds01208.o)
 .data          0x000000000041d180        0x0 D:/ITI/lectures/5-Intro to ES- Assaf/Tools/General Tools/mingw64/bin/../lib/gcc/x86_64-w64-mingw32/6.2.0/../../../../x86_64-w64-mingw32/lib/../lib/libkernel32.a(dmmds01200.o)
 .data          0x000000000041d180        0x0 D:/ITI/lectures/5-Intro to ES- Assaf/Tools/General Tools/mingw64/bin/../lib/gcc/x86_64-w64-mingw32/6.2.0/../../../../x86_64-w64-mingw32/lib/../lib/libkernel32.a(dmmds01187.o)
 .data          0x000000000041d180        0x0 D:/ITI/lectures/5-Intro to ES- Assaf/Tools/General Tools/mingw64/bin/../lib/gcc/x86_64-w64-mingw32/6.2.0/../../../../x86_64-w64-mingw32/lib/../lib/libkernel32.a(dmmds01175.o)
 .data          0x000000000041d180        0x0 D:/ITI/lectures/5-Intro to ES- Assaf/Tools/General Tools/mingw64/bin/../lib/gcc/x86_64-w64-mingw32/6.2.0/../../../../x86_64-w64-mingw32/lib/../lib/libkernel32.a(dmmds01174.o)
 .data          0x000000000041d180        0x0 D:/ITI/lectures/5-Intro to ES- Assaf/Tools/General Tools/mingw64/bin/../lib/gcc/x86_64-w64-mingw32/6.2.0/../../../../x86_64-w64-mingw32/lib/../lib/libkernel32.a(dmmds01165.o)
 .data          0x000000000041d180        0x0 D:/ITI/lectures/5-Intro to ES- Assaf/Tools/General Tools/mingw64/bin/../lib/gcc/x86_64-w64-mingw32/6.2.0/../../../../x86_64-w64-mingw32/lib/../lib/libkernel32.a(dmmds01146.o)
 .data          0x000000000041d180        0x0 D:/ITI/lectures/5-Intro to ES- Assaf/Tools/General Tools/mingw64/bin/../lib/gcc/x86_64-w64-mingw32/6.2.0/../../../../x86_64-w64-mingw32/lib/../lib/libkernel32.a(dmmds01111.o)
 .data          0x000000000041d180        0x0 D:/ITI/lectures/5-Intro to ES- Assaf/Tools/General Tools/mingw64/bin/../lib/gcc/x86_64-w64-mingw32/6.2.0/../../../../x86_64-w64-mingw32/lib/../lib/libkernel32.a(dmmds01067.o)
 .data          0x000000000041d180        0x0 D:/ITI/lectures/5-Intro to ES- Assaf/Tools/General Tools/mingw64/bin/../lib/gcc/x86_64-w64-mingw32/6.2.0/../../../../x86_64-w64-mingw32/lib/../lib/libkernel32.a(dmmds01044.o)
 .data          0x000000000041d180        0x0 D:/ITI/lectures/5-Intro to ES- Assaf/Tools/General Tools/mingw64/bin/../lib/gcc/x86_64-w64-mingw32/6.2.0/../../../../x86_64-w64-mingw32/lib/../lib/libkernel32.a(dmmds01037.o)
 .data          0x000000000041d180        0x0 D:/ITI/lectures/5-Intro to ES- Assaf/Tools/General Tools/mingw64/bin/../lib/gcc/x86_64-w64-mingw32/6.2.0/../../../../x86_64-w64-mingw32/lib/../lib/libkernel32.a(dmmds01030.o)
 .data          0x000000000041d180        0x0 D:/ITI/lectures/5-Intro to ES- Assaf/Tools/General Tools/mingw64/bin/../lib/gcc/x86_64-w64-mingw32/6.2.0/../../../../x86_64-w64-mingw32/lib/../lib/libkernel32.a(dmmds01029.o)
 .data          0x000000000041d180        0x0 D:/ITI/lectures/5-Intro to ES- Assaf/Tools/General Tools/mingw64/bin/../lib/gcc/x86_64-w64-mingw32/6.2.0/../../../../x86_64-w64-mingw32/lib/../lib/libkernel32.a(dmmds01028.o)
 .data          0x000000000041d180        0x0 D:/ITI/lectures/5-Intro to ES- Assaf/Tools/General Tools/mingw64/bin/../lib/gcc/x86_64-w64-mingw32/6.2.0/../../../../x86_64-w64-mingw32/lib/../lib/libkernel32.a(dmmds01024.o)
 .data          0x000000000041d180        0x0 D:/ITI/lectures/5-Intro to ES- Assaf/Tools/General Tools/mingw64/bin/../lib/gcc/x86_64-w64-mingw32/6.2.0/../../../../x86_64-w64-mingw32/lib/../lib/libkernel32.a(dmmds01003.o)
 .data          0x000000000041d180        0x0 D:/ITI/lectures/5-Intro to ES- Assaf/Tools/General Tools/mingw64/bin/../lib/gcc/x86_64-w64-mingw32/6.2.0/../../../../x86_64-w64-mingw32/lib/../lib/libkernel32.a(dmmds00959.o)
 .data          0x000000000041d180        0x0 D:/ITI/lectures/5-Intro to ES- Assaf/Tools/General Tools/mingw64/bin/../lib/gcc/x86_64-w64-mingw32/6.2.0/../../../../x86_64-w64-mingw32/lib/../lib/libkernel32.a(dmmds00958.o)
 .data          0x000000000041d180        0x0 D:/ITI/lectures/5-Intro to ES- Assaf/Tools/General Tools/mingw64/bin/../lib/gcc/x86_64-w64-mingw32/6.2.0/../../../../x86_64-w64-mingw32/lib/../lib/libkernel32.a(dmmds00844.o)
 .data          0x000000000041d180        0x0 D:/ITI/lectures/5-Intro to ES- Assaf/Tools/General Tools/mingw64/bin/../lib/gcc/x86_64-w64-mingw32/6.2.0/../../../../x86_64-w64-mingw32/lib/../lib/libkernel32.a(dmmds00762.o)
 .data          0x000000000041d180        0x0 D:/ITI/lectures/5-Intro to ES- Assaf/Tools/General Tools/mingw64/bin/../lib/gcc/x86_64-w64-mingw32/6.2.0/../../../../x86_64-w64-mingw32/lib/../lib/libkernel32.a(dmmds00678.o)
 .data          0x000000000041d180        0x0 D:/ITI/lectures/5-Intro to ES- Assaf/Tools/General Tools/mingw64/bin/../lib/gcc/x86_64-w64-mingw32/6.2.0/../../../../x86_64-w64-mingw32/lib/../lib/libkernel32.a(dmmds00665.o)